IQ-TREE version 3.0.0 for Linux x86 64-bit built Apr 28 2025
Developed by Bui Quang Minh, Thomas Wong, Nhan Ly-Trong, Huaiyan Ren
Contributed by Lam-Tung Nguyen, Dominik Schrempf, Chris Bielow,
Olga Chernomor, Michael Woodhams, Diep Thi Hoang, Heiko Schmidt

Host:    Hiroaki (AVX2, FMA3, 15 GB RAM)
Command: ../../iqtree3ForkBuild/build/iqtree3 -s Khalturin2022.WoGaps.recSR4.Subsampled.fasta -m MIX+MFP -mrate-twice 1 -mset MK -mfreq FQ -B 1000 -bnni -alrt 1000 -T AUTO --prefix MultistateMKFQ --redo
Seed:    229763 (Using SPRNG - Scalable Parallel Random Number Generator)
Time:    Tue Apr 29 00:04:49 2025
Kernel:  AVX+FMA - auto-detect threads (8 CPU cores detected)

Reading alignment file Khalturin2022.WoGaps.recSR4.Subsampled.fasta ... Fasta format detected
Reading fasta file: done in 0.000448604 secs
Alignment most likely contains 4-state morphological data
Constructing alignment: done in 5.4689e-05 secs
Alignment has 30 sequences with 50 columns, 43 distinct patterns
31 parsimony-informative, 9 singleton sites, 10 constant sites
     Gap/Ambiguity  Composition  p-value
Analyzing sequences: done in 1.0521e-05 secs
   1  sym    0.00%    passed     95.30%
   2  cte    0.00%    passed     82.71%
   3  ne2    0.00%    passed     98.57%
   4  bmo    0.00%    passed     88.55%
   5  pfu    0.00%    passed     93.45%
   6  cgi    0.00%    passed     19.37%
   7  csp    0.00%    passed     94.82%
   8  lox    0.00%    passed     90.23%
   9  miz    0.00%    passed      9.75%
  10  bar    0.00%    passed     97.56%
  11  lmi    0.00%    passed      6.48%
  12  tca    0.00%    passed     79.33%
  13  nve    0.00%    passed     95.43%
  14  not    0.00%    passed     85.71%
  15  lan    0.00%    passed     84.18%
  16  lgi    0.00%    passed     68.21%
  17  mvi    0.00%    passed     98.67%
  18  lun    0.00%    passed     84.18%
  19  mgr    0.00%    passed     98.67%
  20  ped    0.00%    passed     84.18%
  21  flu    0.00%    passed     82.64%
  22  bne    0.00%    passed     20.99%
  23  nvi    0.00%    passed     73.56%
  24  dme    0.00%    passed     88.55%
  25  dbe    0.00%    passed     82.64%
  26  bst    0.00%    passed     93.12%
  27  dpu    0.00%    passed     29.10%
  28  obi    0.00%    passed     79.53%
  29  mme    0.00%    passed     25.10%
  30  pho    0.00%    passed     98.05%
****  TOTAL    0.00%  0 sequences failed composition chi2 test (p-value<5%; df=3)
NOTE: lun is identical to lan but kept for subsequent analysis
Checking for duplicate sequences: done in 0.000402729 secs using 110.7% CPU
--------------------------------------------------------------------
|                Optimizing Q-mixture model                        |
--------------------------------------------------------------------
ERROR: Error! Running MixtureFinder only with the MK model and the FQ frequency is completely meaningless. Please provide additional models and/or frequencies, such as GTRX, +F, and +FO, using -mset and/or -mfreq, if you really want to use MixtureFinder for your multistate data.
