IQ-TREE version 3.0.1 for Linux x86 64-bit built May 11 2025
Developed by Bui Quang Minh, Thomas Wong, Nhan Ly-Trong, Huaiyan Ren
Contributed by Lam-Tung Nguyen, Dominik Schrempf, Chris Bielow,
Olga Chernomor, Michael Woodhams, Diep Thi Hoang, Heiko Schmidt

Host:    Hiroaki (AVX2, FMA3, 15 GB RAM)
Command: ../../iqtree3ForkBuild/build/iqtree3 -s Yamasaki2015.18S28S.RY.Subsampled.fas -m MIX+MFP -mrate-twice 1 -B 1000 -bnni -alrt 1000 -T AUTO --redo
Seed:    417543 (Using SPRNG - Scalable Parallel Random Number Generator)
Time:    Sun May 11 23:57:59 2025
Kernel:  AVX+FMA - auto-detect threads (8 CPU cores detected)

Reading alignment file Yamasaki2015.18S28S.RY.Subsampled.fas ... Fasta format detected
Reading fasta file: done in 0.00058237 secs
Alignment most likely contains binary sequences
Constructing alignment: done in 7.0614e-05 secs
Alignment has 50 sequences with 50 columns, 15 distinct patterns
8 parsimony-informative, 4 singleton sites, 38 constant sites
                                  Gap/Ambiguity  Composition  p-value
Analyzing sequences: done in 2.7926e-05 secs
   1  Amphiporus_sp.                      0.00%    passed     85.40%
   2  Anaspides_tasmaniae                 0.00%    passed     85.40%
   3  Anoplodactylus_portus               0.00%    passed     85.40%
   4  Ascaris_lumbricoides                0.00%    passed     92.09%
   5  Callibaetis_ferrugineus             0.00%    passed     92.09%
   6  Callipallene_sp.                    0.00%    passed     85.40%
   7  Calocheiridius_cf._termitophilus    0.00%    passed     92.09%
   8  Cherokia_georgiana                  0.00%    passed     92.09%
   9  Chordodes_morgani                   0.00%    passed     85.40%
  10  Ciona_intestinalis                  0.00%    passed     64.03%
  11  Craterostigmus_tasmanianus          0.00%    passed     92.09%
  12  Cyprididae_sp.                      0.00%    passed     85.40%
  13  Dilta_littoralis                    0.00%    passed     92.09%
  14  Eremobates_sp.                      0.00%    passed     70.21%
  15  Eulimnadia_texana                   0.00%    passed     85.40%
  16  Gaetice_depressus                   0.00%    passed     85.40%
  17  Gomphocerinae_sp.                   0.00%    passed     92.09%
  18  Gordius_aquaticus                   0.00%    passed     64.03%
  19  Gromphadorhina_laevigata            0.00%    passed     92.09%
  20  Halicryptus_spinulosus              0.00%    passed     85.40%
  21  Heteromysis_sp.                     0.00%    passed     85.40%
  22  Homarus_americanus                  0.00%    passed     64.03%
  23  Limulus_polyphemus                  0.00%    passed     70.21%
  24  Mantis_religiosa                    0.00%    passed     92.09%
  25  Mastigoproctus_giganteus            0.00%    passed     92.09%
  26  Mecaphesa_asperata                  0.00%    passed     92.09%
  27  Merope_tuber                        0.00%    passed     70.21%
  28  Milnesium_tardigradum               0.00%    passed     70.21%
  29  Orthoporus_sp.                      0.00%    passed     92.09%
  30  Pandinus_imperator                  0.00%    passed     85.40%
  31  Panulirus_argus                     0.00%    passed     64.03%
  32  Peripatoides_novaezealandiae        0.00%    passed     70.21%
  33  Placopecten_magellanicus            0.00%    passed     92.09%
  34  Podura_aquatica                     0.00%    passed     70.21%
  35  Polyxenidae_sp.                     0.00%    passed     85.40%
  36  Priapulus_caudatus                  0.00%    passed     85.40%
  37  Ptychodera_flava                    0.00%    passed     85.40%
  38  Pycnophyes_sp.                      0.00%    passed     92.09%
  39  Rugiloricus_sp.                     0.00%    passed     92.09%
  40  Scutigera_coleoptrata               0.00%    passed     92.09%
  41  Siro_rubens                         0.00%    passed     85.40%
  42  Sminthurus_viridis                  0.00%    passed     70.21%
  43  Squilla_empusa                      2.00%    passed     95.97%
  44  Stylochus_zebra                     0.00%    passed     70.21%
  45  Trichinella_spiralis                0.00%    passed     85.40%
  46  Triops_longicaudatus                0.00%    passed     64.03%
  47  Urechis_caupo                       0.00%    passed     92.09%
  48  Vespula_pensylvanica                0.00%    passed     70.21%
  49  Xiphinema_rivesi                    0.00%    passed     92.09%
  50  Zootermopsis_angusticollis          0.00%    passed     92.09%
****  TOTAL                               0.04%  0 sequences failed composition chi2 test (p-value<5%; df=1)
NOTE: Anaspides_tasmaniae is identical to Amphiporus_sp. but kept for subsequent analysis
NOTE: Callipallene_sp. is identical to Anoplodactylus_portus but kept for subsequent analysis
NOTE: Gomphocerinae_sp. is identical to Callibaetis_ferrugineus but kept for subsequent analysis
NOTE: Cherokia_georgiana is identical to Calocheiridius_cf._termitophilus but kept for subsequent analysis
NOTE: Stylochus_zebra is identical to Eremobates_sp. but kept for subsequent analysis
NOTE: Homarus_americanus is identical to Gordius_aquaticus but kept for subsequent analysis
NOTE: Peripatoides_novaezealandiae is identical to Milnesium_tardigradum but kept for subsequent analysis
NOTE: Sminthurus_viridis is identical to Podura_aquatica but kept for subsequent analysis
Checking for duplicate sequences: done in 0.00333483 secs using 375.1% CPU
Identifying sites to remove: done in 2.1144e-05 secs using 99.32% CPU
NOTE: 20 identical sequences (see below) will be ignored for subsequent analysis
NOTE: Chordodes_morgani (identical to Amphiporus_sp.) is ignored but added at the end
NOTE: Eulimnadia_texana (identical to Amphiporus_sp.) is ignored but added at the end
NOTE: Gaetice_depressus (identical to Amphiporus_sp.) is ignored but added at the end
NOTE: Halicryptus_spinulosus (identical to Amphiporus_sp.) is ignored but added at the end
NOTE: Heteromysis_sp. (identical to Amphiporus_sp.) is ignored but added at the end
NOTE: Pandinus_imperator (identical to Amphiporus_sp.) is ignored but added at the end
NOTE: Priapulus_caudatus (identical to Amphiporus_sp.) is ignored but added at the end
NOTE: Ptychodera_flava (identical to Amphiporus_sp.) is ignored but added at the end
NOTE: Polyxenidae_sp. (identical to Anoplodactylus_portus) is ignored but added at the end
NOTE: Gromphadorhina_laevigata (identical to Callibaetis_ferrugineus) is ignored but added at the end
NOTE: Mantis_religiosa (identical to Callibaetis_ferrugineus) is ignored but added at the end
NOTE: Zootermopsis_angusticollis (identical to Callibaetis_ferrugineus) is ignored but added at the end
NOTE: Craterostigmus_tasmanianus (identical to Calocheiridius_cf._termitophilus) is ignored but added at the end
NOTE: Mastigoproctus_giganteus (identical to Calocheiridius_cf._termitophilus) is ignored but added at the end
NOTE: Mecaphesa_asperata (identical to Calocheiridius_cf._termitophilus) is ignored but added at the end
NOTE: Orthoporus_sp. (identical to Calocheiridius_cf._termitophilus) is ignored but added at the end
NOTE: Placopecten_magellanicus (identical to Calocheiridius_cf._termitophilus) is ignored but added at the end
NOTE: Urechis_caupo (identical to Calocheiridius_cf._termitophilus) is ignored but added at the end
NOTE: Vespula_pensylvanica (identical to Eremobates_sp.) is ignored but added at the end
NOTE: Panulirus_argus (identical to Gordius_aquaticus) is ignored but added at the end
Alignment was printed to Yamasaki2015.18S28S.RY.Subsampled.fas.uniqueseq.phy

For your convenience alignment with unique sequences printed to Yamasaki2015.18S28S.RY.Subsampled.fas.uniqueseq.phy
--------------------------------------------------------------------
|                Running MixtureFinder                             |
--------------------------------------------------------------------

Creating fast initial parsimony tree by random order stepwise addition...
0.059 seconds, parsimony score: 22 (based on 12 sites)
Measuring multi-threading efficiency up to 8 CPU cores
Increase to 10 rounds for branch lengths
4165 trees examined
Threads: 1 / Time: 8.001 sec / Speedup: 1.000 / Efficiency: 100% / LogL: -192
WARNING: 2 threads for alignment length 15 will slow down analysis
Threads: 2 / Time: 13.319 sec / Speedup: 0.601 / Efficiency: 30% / LogL: -192
Determining AUTO threadcount: done in 21.3217 secs using 93.55% CPU
BEST NUMBER OF THREADS: 1

Perform fast likelihood tree search using GTR2+I+G model...
Estimate model parameters (epsilon = 5.000)
Perform nearest neighbor interchange...
Optimizing NNI: done in 0.00446078 secs using 45.26% CPU
Estimate model parameters (epsilon = 1.000)
1. Initial log-likelihood: -132.555
Optimal log-likelihood: -132.554
State frequencies:  0: 0.503  1: 0.497
Proportion of invariable sites: 0.379
Gamma shape alpha: 0.493
Parameters optimization took 1 rounds (0.007 sec)
Time for fast ML tree search: 0.021 seconds

NOTE: ModelFinder requires 0 MB RAM!
ModelFinder will test up to 44 binary models (sample size: 50 epsilon: 0.100) ...
 No. Model         -LnL         df  AIC          AICc         BIC
  1  GTR2+FO       139.678      58  395.357      7239.357     506.254
  2  GTR2+FO+I     132.581      59  383.162      7463.162     495.972
  3  GTR2+FO+G4    132.491      59  382.982      7462.982     495.791
  4  GTR2+FO+I+G4  132.554      60  385.108      7705.108     499.829
  5  GTR2+FO+R2    132.563      60  385.125      7705.125     499.847
  6  GTR2+FO+R3    132.515      62  389.031      8201.031     507.576
 14  GTR2+FO+I+R2  132.569      61  387.137      7951.137     503.771
 15  GTR2+FO+I+R3  132.531      63  391.063      8455.063     511.520
 24  JC2+FQ+I      132.596      58  381.191      7225.191     492.088
 25  JC2+FQ+G4     132.496      58  380.993      7224.993     491.890
 26  JC2+FQ+I+G4   132.555      59  383.110      7463.110     495.919
 27  JC2+FQ+R2     132.572      59  383.144      7463.144     495.954
 36  JC2+FQ+I+R2   132.580      60  385.161      7705.161     499.882
Akaike Information Criterion:           JC2+FQ+G4
Corrected Akaike Information Criterion: JC2+FQ+G4
Bayesian Information Criterion:         JC2+FQ+G4
Best-fit model: JC2+FQ+G4 chosen according to BIC

All model information printed to Yamasaki2015.18S28S.RY.Subsampled.fas.model.gz
CPU time for ModelFinder: 20.433 seconds (0h:0m:20s)
Wall-clock time for ModelFinder: 21.565 seconds (0h:0m:21s)

Model: JC2+FQ+G4; df: 58; loglike: -132.496; BIC score: 491.890

Keep adding an additional class until there is no better BIC value

NOTE: MixtureFinder 2-class models requires 0 MB RAM!
ModelFinder will test up to 2 binary models (sample size: 50 epsilon: 0.100) ...
 No. Model         -LnL         df  AIC          AICc         BIC
  1  MIX{JC2+FQ,GTR2+FO}+G4 132.491      60  384.982      7704.982     499.703
  2  MIX{JC2+FQ,JC2+FQ}+G4 132.496      59  382.993      7462.993     495.802
Best-fit model: MIX{JC2+FQ,JC2+FQ}+G4 chosen according to BIC

All model information printed to Yamasaki2015.18S28S.RY.Subsampled.fas.model.gz
CPU time for MixtureFinder 2-class models: 0.017 seconds (0h:0m:0s)
Wall-clock time for MixtureFinder 2-class models: 0.050 seconds (0h:0m:0s)

Model: MIX{JC2+FQ,JC2+FQ}+G4; df: 59; loglike: -132.496; BIC score: 495.802;

The optimal RHAS models with 1-class substitution models have already been estimated.

-------------------------------------------------------
  Best-fit Q-Mixture model: JC2+FQ+G4
-------------------------------------------------------
Generating 1000 samples for ultrafast bootstrap (seed: 417543)...

NOTE: 0 MB RAM (0 GB) is required!
Estimate model parameters (epsilon = 0.100)
1. Initial log-likelihood: -132.497
Optimal log-likelihood: -132.496
State frequencies:  0: 0.500  1: 0.500
Gamma shape alpha: 0.176
Parameters optimization took 1 rounds (0.003 sec)
Wrote distance file to... 
Computing ML distances based on estimated model parameters...
Calculating distance matrix: done in 0.00239984 secs using 91.76% CPU
Computing ML distances took 0.003378 sec (of wall-clock time) 0.002460 sec (of CPU time)
Setting up auxiliary I and S matrices: done in 0.000101363 secs using 90.76% CPU
Constructing RapidNJ tree: done in 0.000289072 secs using 95.82% CPU
Computing RapidNJ tree took 0.001685 sec (of wall-clock time) 0.000992 sec (of CPU time)
Log-likelihood of RapidNJ tree: -131.818
--------------------------------------------------------------------
|             INITIALIZING CANDIDATE TREE SET                      |
--------------------------------------------------------------------
Generating 98 parsimony trees... 0.310 second
Computing log-likelihood of 98 initial trees ... 0.085 seconds
Current best score: -131.818

Do NNI search on 20 best initial trees
Optimizing NNI: done in 0.0104031 secs using 98.3% CPU
Estimate model parameters (epsilon = 0.100)
BETTER TREE FOUND at iteration 1: -131.711
Optimizing NNI: done in 0.019612 secs using 98.27% CPU
Optimizing NNI: done in 0.0168723 secs using 98.53% CPU
Optimizing NNI: done in 0.0171054 secs using 98.52% CPU
Optimizing NNI: done in 0.0164631 secs using 98.52% CPU
Optimizing NNI: done in 0.0199468 secs using 98.53% CPU
Optimizing NNI: done in 0.0257729 secs using 98.53% CPU
Optimizing NNI: done in 0.0170711 secs using 98.52% CPU
Optimizing NNI: done in 0.0161096 secs using 98.53% CPU
Optimizing NNI: done in 0.0175832 secs using 98.52% CPU
Iteration 10 / LogL: -132.562 / Time: 0h:0m:22s
Optimizing NNI: done in 0.0173142 secs using 98.53% CPU
Optimizing NNI: done in 0.0169396 secs using 98.53% CPU
Optimizing NNI: done in 0.0156245 secs using 39.55% CPU
Optimizing NNI: done in 0.0168131 secs using 98.53% CPU
Optimizing NNI: done in 0.0160703 secs using 97.32% CPU
Optimizing NNI: done in 0.0159474 secs using 98.62% CPU
Optimizing NNI: done in 0.0164765 secs using 98.72% CPU
Optimizing NNI: done in 0.0169932 secs using 98.79% CPU
Optimizing NNI: done in 0.018919 secs using 98.79% CPU
Optimizing NNI: done in 0.0164239 secs using 98.79% CPU
Iteration 20 / LogL: -132.563 / Time: 0h:0m:22s
Finish initializing candidate tree set (20)
Current best tree score: -131.711 / CPU time: 0.782
Number of iterations: 20
--------------------------------------------------------------------
|               OPTIMIZING CANDIDATE TREE SET                      |
--------------------------------------------------------------------
Optimizing NNI: done in 0.0251496 secs using 98.8% CPU
Optimizing NNI: done in 0.0213312 secs using 98.8% CPU
Optimizing NNI: done in 0.0306125 secs using 76.65% CPU
Optimizing NNI: done in 0.0343669 secs using 70.06% CPU
Optimizing NNI: done in 0.0143448 secs using 98.78% CPU
Optimizing NNI: done in 0.0254365 secs using 59.8% CPU
Optimizing NNI: done in 0.0249485 secs using 98.69% CPU
Optimizing NNI: done in 0.0294754 secs using 98.8% CPU
Optimizing NNI: done in 0.0350095 secs using 98.8% CPU
Optimizing NNI: done in 0.00580792 secs using 98.74% CPU
Iteration 30 / LogL: -132.088 / Time: 0h:0m:22s (0h:0m:2s left)
Optimizing NNI: done in 0.0210644 secs using 98.79% CPU
Optimizing NNI: done in 0.0267879 secs using 98.81% CPU
Optimizing NNI: done in 0.0160088 secs using 98.79% CPU
Optimizing NNI: done in 0.0345312 secs using 98.81% CPU
Optimizing NNI: done in 0.0248131 secs using 98.79% CPU
Optimizing NNI: done in 0.0127036 secs using 98.77% CPU
Optimizing NNI: done in 0.0283002 secs using 98.8% CPU
BETTER TREE FOUND at iteration 37: -131.711
Optimizing NNI: done in 0.0207778 secs using 98.8% CPU
Estimate model parameters (epsilon = 0.100)
BETTER TREE FOUND at iteration 38: -131.642
Optimizing NNI: done in 0.0175812 secs using 98.49% CPU
Optimizing NNI: done in 0.02799 secs using 77.18% CPU
Iteration 40 / LogL: -132.165 / Time: 0h:0m:23s (0h:0m:3s left)
Optimizing NNI: done in 0.0439601 secs using 97.68% CPU
Optimizing NNI: done in 0.0179576 secs using 98.79% CPU
Optimizing NNI: done in 0.0436148 secs using 98.8% CPU
Optimizing NNI: done in 0.0500604 secs using 98.8% CPU
Optimizing NNI: done in 0.0246428 secs using 81.18% CPU
Optimizing NNI: done in 0.00491266 secs using 98.7% CPU
Optimizing NNI: done in 0.0323886 secs using 98.62% CPU
Optimizing NNI: done in 0.0340098 secs using 98.8% CPU
Optimizing NNI: done in 0.0313922 secs using 98.99% CPU
Optimizing NNI: done in 0.0323422 secs using 99.03% CPU
Iteration 50 / LogL: -135.199 / Time: 0h:0m:23s (0h:0m:3s left)
Optimizing NNI: done in 0.0169987 secs using 99.02% CPU
Optimizing NNI: done in 0.024793 secs using 99.01% CPU
BETTER TREE FOUND at iteration 52: -131.642
Optimizing NNI: done in 0.0231047 secs using 99.03% CPU
Optimizing NNI: done in 0.041514 secs using 99.04% CPU
Optimizing NNI: done in 0.0275586 secs using 99.03% CPU
Optimizing NNI: done in 0.0201899 secs using 99.02% CPU
Optimizing NNI: done in 0.0240999 secs using 97.94% CPU
Optimizing NNI: done in 0.0300968 secs using 99.03% CPU
Optimizing NNI: done in 0.0293582 secs using 99.04% CPU
Optimizing NNI: done in 0.0237181 secs using 99.03% CPU
Iteration 60 / LogL: -133.742 / Time: 0h:0m:23s (0h:0m:3s left)
Optimizing NNI: done in 0.0401495 secs using 99.04% CPU
Optimizing NNI: done in 0.0284522 secs using 76.77% CPU
Optimizing NNI: done in 0.0267578 secs using 98.23% CPU
Optimizing NNI: done in 0.0285564 secs using 64.81% CPU
Optimizing NNI: done in 0.0160778 secs using 98.53% CPU
Optimizing NNI: done in 0.0368748 secs using 99.03% CPU
BETTER TREE FOUND at iteration 66: -131.641
Optimizing NNI: done in 0.0306253 secs using 99.04% CPU
Optimizing NNI: done in 0.0218428 secs using 99.03% CPU
Optimizing NNI: done in 0.0309921 secs using 99.03% CPU
Optimizing NNI: done in 0.0311751 secs using 99.02% CPU
Iteration 70 / LogL: -133.576 / Time: 0h:0m:24s (0h:0m:3s left)
Optimizing NNI: done in 0.0250451 secs using 99.03% CPU
Optimizing NNI: done in 0.0342836 secs using 99.03% CPU
Optimizing NNI: done in 0.0243283 secs using 99.03% CPU
Optimizing NNI: done in 0.0213665 secs using 79.6% CPU
Optimizing NNI: done in 0.0320415 secs using 98.52% CPU
Optimizing NNI: done in 0.021774 secs using 99.03% CPU
Optimizing NNI: done in 0.0289525 secs using 99.03% CPU
Optimizing NNI: done in 0.0217358 secs using 54.56% CPU
Optimizing NNI: done in 0.0192699 secs using 99.24% CPU
Optimizing NNI: done in 0.0272199 secs using 62.27% CPU
Iteration 80 / LogL: -131.641 / Time: 0h:0m:24s (0h:0m:3s left)
Optimizing NNI: done in 0.0243092 secs using 97.9% CPU
Optimizing NNI: done in 0.0205741 secs using 50.86% CPU
Optimizing NNI: done in 0.0140613 secs using 99.24% CPU
Optimizing NNI: done in 0.0280705 secs using 99.24% CPU
Optimizing NNI: done in 0.0189392 secs using 99.24% CPU
Optimizing NNI: done in 0.0250457 secs using 99.24% CPU
Optimizing NNI: done in 0.0187223 secs using 99.24% CPU
Optimizing NNI: done in 0.0190635 secs using 99.22% CPU
Optimizing NNI: done in 0.0195087 secs using 99.23% CPU
Optimizing NNI: done in 0.0297547 secs using 99.24% CPU
Iteration 90 / LogL: -131.641 / Time: 0h:0m:24s (0h:0m:2s left)
Optimizing NNI: done in 0.0214548 secs using 99.23% CPU
Optimizing NNI: done in 0.0252619 secs using 99.24% CPU
Optimizing NNI: done in 0.0288179 secs using 99.24% CPU
Optimizing NNI: done in 0.035824 secs using 99.25% CPU
Optimizing NNI: done in 0.0367631 secs using 99.24% CPU
Optimizing NNI: done in 0.0256903 secs using 99.24% CPU
Optimizing NNI: done in 0.0271164 secs using 99.24% CPU
Optimizing NNI: done in 0.0234736 secs using 99.23% CPU
Optimizing NNI: done in 0.0298762 secs using 44.98% CPU
Optimizing NNI: done in 0.0386566 secs using 97.65% CPU
Iteration 100 / LogL: -132.157 / Time: 0h:0m:25s (0h:0m:2s left)
Optimizing NNI: done in 0.0270295 secs using 98.61% CPU
Optimizing NNI: done in 0.0237073 secs using 98.89% CPU
Optimizing NNI: done in 0.024335 secs using 99.24% CPU
Optimizing NNI: done in 0.0131776 secs using 99.21% CPU
Optimizing NNI: done in 0.0183341 secs using 99.22% CPU
Optimizing NNI: done in 0.0123123 secs using 52.75% CPU
Optimizing NNI: done in 0.017958 secs using 98.65% CPU
Optimizing NNI: done in 0.0178195 secs using 99.23% CPU
Optimizing NNI: done in 0.0286181 secs using 99.24% CPU
Optimizing NNI: done in 0.023823 secs using 99.24% CPU
Iteration 110 / LogL: -131.641 / Time: 0h:0m:25s (0h:0m:1s left)
Optimizing NNI: done in 0.0495306 secs using 99.25% CPU
Optimizing NNI: done in 0.0134327 secs using 28.27% CPU
Optimizing NNI: done in 0.0270543 secs using 99.14% CPU
Optimizing NNI: done in 0.0209269 secs using 99.42% CPU
Optimizing NNI: done in 0.0270845 secs using 62.14% CPU
Optimizing NNI: done in 0.0255069 secs using 99.42% CPU
Optimizing NNI: done in 0.0148614 secs using 99.4% CPU
Optimizing NNI: done in 0.0201021 secs using 99.41% CPU
Optimizing NNI: done in 0.0360491 secs using 99.42% CPU
Optimizing NNI: done in 0.0226497 secs using 99.41% CPU
Iteration 120 / LogL: -135.592 / Time: 0h:0m:25s (0h:0m:1s left)
Optimizing NNI: done in 0.0433681 secs using 99.42% CPU
Optimizing NNI: done in 0.0314049 secs using 99.42% CPU
Optimizing NNI: done in 0.0514804 secs using 99.39% CPU
Optimizing NNI: done in 0.049889 secs using 99.42% CPU
Optimizing NNI: done in 0.0254921 secs using 99.42% CPU
Optimizing NNI: done in 0.0356334 secs using 99.41% CPU
Optimizing NNI: done in 0.0424096 secs using 99.42% CPU
Optimizing NNI: done in 0.0288922 secs using 78.27% CPU
Optimizing NNI: done in 0.0349321 secs using 97.62% CPU
Optimizing NNI: done in 0.0228605 secs using 99.42% CPU
BETTER TREE FOUND at iteration 130: -131.641
Iteration 130 / LogL: -131.641 / Time: 0h:0m:26s (0h:0m:3s left)
Optimizing NNI: done in 0.0223101 secs using 98.86% CPU
Optimizing NNI: done in 0.0219991 secs using 99.41% CPU
Optimizing NNI: done in 0.0292686 secs using 99.41% CPU
Optimizing NNI: done in 0.0241503 secs using 99.41% CPU
Optimizing NNI: done in 0.0203501 secs using 99.41% CPU
Optimizing NNI: done in 0.036679 secs using 99.42% CPU
Optimizing NNI: done in 0.0102094 secs using 99.41% CPU
Optimizing NNI: done in 0.0239314 secs using 99.41% CPU
Optimizing NNI: done in 0.0202405 secs using 97.94% CPU
Optimizing NNI: done in 0.00406761 secs using 99.35% CPU
Iteration 140 / LogL: -131.641 / Time: 0h:0m:26s (0h:0m:3s left)
Optimizing NNI: done in 0.0232402 secs using 99.41% CPU
Optimizing NNI: done in 0.0228217 secs using 99.4% CPU
Optimizing NNI: done in 0.0202417 secs using 99.45% CPU
Optimizing NNI: done in 0.0255869 secs using 99.57% CPU
Optimizing NNI: done in 0.0142105 secs using 99.57% CPU
Optimizing NNI: done in 0.0207327 secs using 99.58% CPU
Optimizing NNI: done in 0.016863 secs using 99.57% CPU
Optimizing NNI: done in 0.0195682 secs using 99.57% CPU
Optimizing NNI: done in 0.0192523 secs using 99.57% CPU
Optimizing NNI: done in 0.0271158 secs using 99.58% CPU
Iteration 150 / LogL: -131.641 / Time: 0h:0m:26s (0h:0m:2s left)
Optimizing NNI: done in 0.0234502 secs using 99.58% CPU
Optimizing NNI: done in 0.0180173 secs using 99.57% CPU
Optimizing NNI: done in 0.0174889 secs using 99.57% CPU
Optimizing NNI: done in 0.0360609 secs using 73.57% CPU
Optimizing NNI: done in 0.0269477 secs using 99.57% CPU
Optimizing NNI: done in 0.0118589 secs using 99.57% CPU
Optimizing NNI: done in 0.0212929 secs using 99.57% CPU
Optimizing NNI: done in 0.0126083 secs using 99.57% CPU
Optimizing NNI: done in 0.0271251 secs using 99.54% CPU
Optimizing NNI: done in 0.0150813 secs using 36.26% CPU
Iteration 160 / LogL: -133.065 / Time: 0h:0m:26s (0h:0m:2s left)
Optimizing NNI: done in 0.0237479 secs using 57.54% CPU
Optimizing NNI: done in 0.0261792 secs using 99.57% CPU
Optimizing NNI: done in 0.0154224 secs using 35.3% CPU
Optimizing NNI: done in 0.017793 secs using 99.56% CPU
Optimizing NNI: done in 0.0230074 secs using 99.58% CPU
Optimizing NNI: done in 0.0272255 secs using 99.56% CPU
Optimizing NNI: done in 0.021292 secs using 99.56% CPU
Optimizing NNI: done in 0.0352523 secs using 99.58% CPU
Optimizing NNI: done in 0.0285408 secs using 99.58% CPU
Optimizing NNI: done in 0.0179583 secs using 99.57% CPU
Iteration 170 / LogL: -132.840 / Time: 0h:0m:27s (0h:0m:1s left)
Optimizing NNI: done in 0.021419 secs using 99.58% CPU
Optimizing NNI: done in 0.0226214 secs using 78.08% CPU
Optimizing NNI: done in 0.0261238 secs using 96.56% CPU
Optimizing NNI: done in 0.0179411 secs using 99.45% CPU
Optimizing NNI: done in 0.0217972 secs using 99.11% CPU
Optimizing NNI: done in 0.0331712 secs using 99.58% CPU
Optimizing NNI: done in 0.0192909 secs using 76.19% CPU
Optimizing NNI: done in 0.0205595 secs using 93.2% CPU
Optimizing NNI: done in 0.0156376 secs using 99.56% CPU
Optimizing NNI: done in 0.0184807 secs using 99.57% CPU
Iteration 180 / LogL: -131.641 / Time: 0h:0m:27s (0h:0m:1s left)
Optimizing NNI: done in 0.0180875 secs using 99.56% CPU
Optimizing NNI: done in 0.0181221 secs using 99.71% CPU
Optimizing NNI: done in 0.0178723 secs using 99.7% CPU
Optimizing NNI: done in 0.0252194 secs using 99.71% CPU
Optimizing NNI: done in 0.0033599 secs using 99.56% CPU
Optimizing NNI: done in 0.0127863 secs using 99.68% CPU
Optimizing NNI: done in 0.0109199 secs using 96.77% CPU
Optimizing NNI: done in 0.0117309 secs using 99.6% CPU
Optimizing NNI: done in 0.0171973 secs using 99.7% CPU
Optimizing NNI: done in 0.0227618 secs using 99.72% CPU
Iteration 190 / LogL: -134.235 / Time: 0h:0m:27s (0h:0m:1s left)
Optimizing NNI: done in 0.0145197 secs using 99.69% CPU
Optimizing NNI: done in 0.0264394 secs using 99.65% CPU
Optimizing NNI: done in 0.0252476 secs using 99.72% CPU
Optimizing NNI: done in 0.0177327 secs using 99.71% CPU
Optimizing NNI: done in 0.0222443 secs using 99.71% CPU
Optimizing NNI: done in 0.0271656 secs using 99.71% CPU
Optimizing NNI: done in 0.0217654 secs using 99.72% CPU
Optimizing NNI: done in 0.0204834 secs using 99.71% CPU
Optimizing NNI: done in 0.0214644 secs using 99.37% CPU
Optimizing NNI: done in 0.0281524 secs using 64.46% CPU
Iteration 200 / LogL: -135.437 / Time: 0h:0m:27s (0h:0m:0s left)
Optimizing NNI: done in 0.0209716 secs using 99.71% CPU
Optimizing NNI: done in 0.0116276 secs using 99.69% CPU
Optimizing NNI: done in 0.0238426 secs using 99.72% CPU
Optimizing NNI: done in 0.0214058 secs using 99.71% CPU
Optimizing NNI: done in 0.0193026 secs using 99.7% CPU
Optimizing NNI: done in 0.0280706 secs using 99.71% CPU
Optimizing NNI: done in 0.025463 secs using 99.72% CPU
Optimizing NNI: done in 0.0320945 secs using 83.66% CPU
Optimizing NNI: done in 0.0226799 secs using 61.83% CPU
Optimizing NNI: done in 0.0294994 secs using 99.35% CPU
Iteration 210 / LogL: -131.714 / Time: 0h:0m:28s (0h:0m:0s left)
Optimizing NNI: done in 0.0230486 secs using 99.69% CPU
Optimizing NNI: done in 0.0201269 secs using 50.37% CPU
Optimizing NNI: done in 0.0187214 secs using 67.61% CPU
Optimizing NNI: done in 0.0183828 secs using 99.7% CPU
Optimizing NNI: done in 0.0235088 secs using 99.72% CPU
Optimizing NNI: done in 0.0228745 secs using 99.71% CPU
Optimizing NNI: done in 0.0185401 secs using 99.7% CPU
Optimizing NNI: done in 0.0357566 secs using 99.72% CPU
Optimizing NNI: done in 0.0232711 secs using 99.71% CPU
Optimizing NNI: done in 0.0289734 secs using 99.74% CPU
Iteration 220 / LogL: -131.641 / Time: 0h:0m:28s (0h:0m:0s left)
Optimizing NNI: done in 0.0225396 secs using 99.83% CPU
Optimizing NNI: done in 0.0224599 secs using 99.83% CPU
Optimizing NNI: done in 0.0303528 secs using 99.84% CPU
Optimizing NNI: done in 0.0205849 secs using 99.83% CPU
Optimizing NNI: done in 0.0205339 secs using 98.06% CPU
Optimizing NNI: done in 0.0270944 secs using 63.92% CPU
Optimizing NNI: done in 0.019647 secs using 99.83% CPU
Optimizing NNI: done in 0.0168285 secs using 98.8% CPU
Optimizing NNI: done in 0.0273279 secs using 63.1% CPU
Optimizing NNI: done in 0.016817 secs using 99.48% CPU
Iteration 230 / LogL: -131.641 / Time: 0h:0m:28s (0h:0m:0s left)
Optimizing NNI: done in 0.0275657 secs using 99.85% CPU
Refining ufboot trees with NNI 1 branch...
Optimizing NNI: done in 0.00144422 secs using 99.57% CPU
Optimizing NNI: done in 0.00223307 secs using 99.19% CPU
Optimizing NNI: done in 0.00303044 secs using 99.69% CPU
Optimizing NNI: done in 0.000714451 secs using 99.52% CPU
Optimizing NNI: done in 0.00136832 secs using 99.68% CPU
Optimizing NNI: done in 0.00137944 secs using 99.39% CPU
Optimizing NNI: done in 0.00168885 secs using 99% CPU
Optimizing NNI: done in 0.00132617 secs using 92.97% CPU
Optimizing NNI: done in 0.00137293 secs using 99.64% CPU
Optimizing NNI: done in 0.000706741 secs using 93.1% CPU
Optimizing NNI: done in 0.000697028 secs using 99.57% CPU
Optimizing NNI: done in 0.00252857 secs using 99.62% CPU
Optimizing NNI: done in 0.00191175 secs using 99.44% CPU
Optimizing NNI: done in 0.000793356 secs using 99.2% CPU
Optimizing NNI: done in 0.00151151 secs using 99.7% CPU
Optimizing NNI: done in 0.00066879 secs using 99.28% CPU
Optimizing NNI: done in 0.00081128 secs using 98.86% CPU
Optimizing NNI: done in 0.00128982 secs using 99.63% CPU
Optimizing NNI: done in 0.00170918 secs using 99.29% CPU
Optimizing NNI: done in 0.00173741 secs using 99.75% CPU
Optimizing NNI: done in 0.00152153 secs using 99.7% CPU
Optimizing NNI: done in 0.000817889 secs using 92.8% CPU
Optimizing NNI: done in 0.00159793 secs using 99.69% CPU
Optimizing NNI: done in 0.00111488 secs using 93.55% CPU
Optimizing NNI: done in 0.00129502 secs using 99.53% CPU
Optimizing NNI: done in 0.00071335 secs using 92.94% CPU
Optimizing NNI: done in 0.000750699 secs using 93.11% CPU
Optimizing NNI: done in 0.000609612 secs
Optimizing NNI: done in 0.00140948 secs using 63.43% CPU
Optimizing NNI: done in 0.00137623 secs using 99.69% CPU
Optimizing NNI: done in 0.00137774 secs using 93.05% CPU
Optimizing NNI: done in 0.0013524 secs using 99.67% CPU
Optimizing NNI: done in 0.00229526 secs using 99.6% CPU
Optimizing NNI: done in 0.00131665 secs using 99.65% CPU
Optimizing NNI: done in 0.0021068 secs using 99.77% CPU
Optimizing NNI: done in 0.00141779 secs using 99.73% CPU
Optimizing NNI: done in 0.00303794 secs using 99.8% CPU
Optimizing NNI: done in 0.00142259 secs using 99.61% CPU
Optimizing NNI: done in 0.00184606 secs using 99.67% CPU
Optimizing NNI: done in 0.00129312 secs using 99.37% CPU
Optimizing NNI: done in 0.00132917 secs using 99.61% CPU
Optimizing NNI: done in 0.00140036 secs using 99.76% CPU
Optimizing NNI: done in 0.00131555 secs using 99.43% CPU
Optimizing NNI: done in 0.00129022 secs using 99.67% CPU
Optimizing NNI: done in 0.000715253 secs using 99.69% CPU
Optimizing NNI: done in 0.00136331 secs using 99.39% CPU
Optimizing NNI: done in 0.00125747 secs using 99.72% CPU
Optimizing NNI: done in 0.00167523 secs using 99.51% CPU
Optimizing NNI: done in 0.00129973 secs using 93.02% CPU
Optimizing NNI: done in 0.00138655 secs using 99.74% CPU
Optimizing NNI: done in 0.00146165 secs using 93.11% CPU
Optimizing NNI: done in 0.000752101 secs using 99.45% CPU
Optimizing NNI: done in 0.00227573 secs using 99.62% CPU
Optimizing NNI: done in 0.00151412 secs using 99.46% CPU
Optimizing NNI: done in 0.00116615 secs using 92.78% CPU
Optimizing NNI: done in 0.00186959 secs using 99.49% CPU
Optimizing NNI: done in 0.00132857 secs using 99.66% CPU
Optimizing NNI: done in 0.002105 secs using 95.96% CPU
Optimizing NNI: done in 0.00156789 secs
Optimizing NNI: done in 0.00154406 secs using 93.07% CPU
Optimizing NNI: done in 0.00141729 secs using 92.99% CPU
Optimizing NNI: done in 0.00129032 secs using 99.74% CPU
Optimizing NNI: done in 0.000681608 secs using 99.47% CPU
Optimizing NNI: done in 0.00152994 secs using 99.61% CPU
Optimizing NNI: done in 0.000691821 secs using 99.74% CPU
Optimizing NNI: done in 0.00126729 secs using 99.42% CPU
Optimizing NNI: done in 0.00150661 secs using 99.69% CPU
Optimizing NNI: done in 0.000744792 secs using 99.63% CPU
Optimizing NNI: done in 0.00146014 secs using 99.17% CPU
Optimizing NNI: done in 0.00138745 secs using 99.61% CPU
Optimizing NNI: done in 0.00181652 secs using 99.53% CPU
Optimizing NNI: done in 0.00156258 secs using 99.51% CPU
Optimizing NNI: done in 0.000861046 secs using 98.95% CPU
Optimizing NNI: done in 0.00148227 secs using 99.58% CPU
Optimizing NNI: done in 0.00230627 secs using 99.64% CPU
Optimizing NNI: done in 0.00342676 secs using 99.54% CPU
Optimizing NNI: done in 0.00275246 secs using 99.69% CPU
Optimizing NNI: done in 0.00162917 secs using 99.56% CPU
Optimizing NNI: done in 0.00135801 secs using 99.7% CPU
Optimizing NNI: done in 0.00142269 secs using 99.18% CPU
Optimizing NNI: done in 0.000779338 secs using 99.32% CPU
Optimizing NNI: done in 0.0018735 secs using 99.55% CPU
Optimizing NNI: done in 0.00357856 secs using 99.76% CPU
Optimizing NNI: done in 0.0020307 secs using 99.47% CPU
Optimizing NNI: done in 0.0011988 secs using 99.35% CPU
Optimizing NNI: done in 0.000938749 secs using 98.85% CPU
Optimizing NNI: done in 0.00151852 secs using 99.5% CPU
Optimizing NNI: done in 0.00221094 secs using 99.37% CPU
Optimizing NNI: done in 0.00226291 secs using 99.69% CPU
Optimizing NNI: done in 0.00168504 secs
Optimizing NNI: done in 0.00159583 secs
Optimizing NNI: done in 0.00150871 secs using 93.13% CPU
Optimizing NNI: done in 0.00231288 secs using 99.79% CPU
Optimizing NNI: done in 0.00215968 secs using 97.19% CPU
Optimizing NNI: done in 0.00144292 secs using 99.24% CPU
Optimizing NNI: done in 0.00069893 secs using 99.58% CPU
Optimizing NNI: done in 0.001726 secs using 99.59% CPU
Optimizing NNI: done in 0.00139366 secs using 99.59% CPU
Optimizing NNI: done in 0.00121061 secs using 99.7% CPU
Optimizing NNI: done in 0.00246178 secs using 99.44% CPU
100 samples done
Optimizing NNI: done in 0.00122163 secs using 99.62% CPU
Optimizing NNI: done in 0.00169776 secs using 99.07% CPU
Optimizing NNI: done in 0.00131496 secs using 99.78% CPU
Optimizing NNI: done in 0.00154822 secs using 99.79% CPU
Optimizing NNI: done in 0.00142759 secs using 99.61% CPU
Optimizing NNI: done in 0.00136497 secs using 99.86% CPU
Optimizing NNI: done in 0.00205466 secs using 99.43% CPU
Optimizing NNI: done in 0.00161154 secs using 99.78% CPU
Optimizing NNI: done in 0.00164785 secs using 99.34% CPU
Optimizing NNI: done in 0.00155872 secs using 99.76% CPU
Optimizing NNI: done in 0.00150971 secs using 99.82% CPU
Optimizing NNI: done in 0.00169416 secs using 99.75% CPU
Optimizing NNI: done in 0.00132176 secs using 99.79% CPU
Optimizing NNI: done in 0.00194213 secs using 99.63% CPU
Optimizing NNI: done in 0.00134676 secs using 99.79% CPU
Optimizing NNI: done in 0.00155182 secs using 99.82% CPU
Optimizing NNI: done in 0.00137727 secs using 99.69% CPU
Optimizing NNI: done in 0.00187341 secs using 99.87% CPU
Optimizing NNI: done in 0.00165585 secs using 99.77% CPU
Optimizing NNI: done in 0.00138508 secs using 99.63% CPU
Optimizing NNI: done in 0.000786413 secs using 99.57% CPU
Optimizing NNI: done in 0.00136217 secs using 99.69% CPU
Optimizing NNI: done in 0.00135097 secs using 99.78% CPU
Optimizing NNI: done in 0.00156682 secs using 99.63% CPU
Optimizing NNI: done in 0.000782612 secs using 99.41% CPU
Optimizing NNI: done in 0.00152181 secs using 99.82% CPU
Optimizing NNI: done in 0.0014864 secs using 99.7% CPU
Optimizing NNI: done in 0.00135177 secs using 99.8% CPU
Optimizing NNI: done in 0.00103178 secs using 99.54% CPU
Optimizing NNI: done in 0.000782412 secs using 99.56% CPU
Optimizing NNI: done in 0.00134937 secs using 99.75% CPU
Optimizing NNI: done in 0.00112301 secs using 99.64% CPU
Optimizing NNI: done in 0.000806919 secs using 99.51% CPU
Optimizing NNI: done in 0.000671482 secs using 99.63% CPU
Optimizing NNI: done in 0.00155862 secs using 99.77% CPU
Optimizing NNI: done in 0.00104978 secs using 99.64% CPU
Optimizing NNI: done in 0.00130755 secs using 99.88% CPU
Optimizing NNI: done in 0.0014948 secs using 99.54% CPU
Optimizing NNI: done in 0.00140048 secs using 99.82% CPU
Optimizing NNI: done in 0.00127114 secs using 99.75% CPU
Optimizing NNI: done in 0.0014722 secs using 99.65% CPU
Optimizing NNI: done in 0.001469 secs using 99.86% CPU
Optimizing NNI: done in 0.00232313 secs using 99.82% CPU
Optimizing NNI: done in 0.00132146 secs using 99.74% CPU
Optimizing NNI: done in 0.00170046 secs using 99.91% CPU
Optimizing NNI: done in 0.00139538 secs using 99.69% CPU
Optimizing NNI: done in 0.00149941 secs using 99.84% CPU
Optimizing NNI: done in 0.00155202 secs using 99.81% CPU
Optimizing NNI: done in 0.00145879 secs using 99.67% CPU
Optimizing NNI: done in 0.00119732 secs using 99.81% CPU
Optimizing NNI: done in 0.00163074 secs using 99.53% CPU
Optimizing NNI: done in 0.00155222 secs using 99.86% CPU
Optimizing NNI: done in 0.000707792 secs using 99.89% CPU
Optimizing NNI: done in 0.00140778 secs using 99.59% CPU
Optimizing NNI: done in 0.00136557 secs using 99.81% CPU
Optimizing NNI: done in 0.00135927 secs using 99.76% CPU
Optimizing NNI: done in 0.00139028 secs using 99.69% CPU
Optimizing NNI: done in 0.00135007 secs using 99.85% CPU
Optimizing NNI: done in 0.00138187 secs using 99.79% CPU
Optimizing NNI: done in 0.00127545 secs using 99.81% CPU
Optimizing NNI: done in 0.00133986 secs using 99.79% CPU
Optimizing NNI: done in 0.00162354 secs using 99.6% CPU
Optimizing NNI: done in 0.000745602 secs using 99.65% CPU
Optimizing NNI: done in 0.0014896 secs using 99.83% CPU
Optimizing NNI: done in 0.00157213 secs using 99.61% CPU
Optimizing NNI: done in 0.00141758 secs using 99.68% CPU
Optimizing NNI: done in 0.000718695 secs using 99.76% CPU
Optimizing NNI: done in 0.00284287 secs using 99.83% CPU
Optimizing NNI: done in 0.000682385 secs using 99.65% CPU
Optimizing NNI: done in 0.00121493 secs using 99.84% CPU
Optimizing NNI: done in 0.00127775 secs using 99.63% CPU
Optimizing NNI: done in 0.00140728 secs using 99.84% CPU
Optimizing NNI: done in 0.0014712 secs using 99.85% CPU
Optimizing NNI: done in 0.00141708 secs using 99.64% CPU
Optimizing NNI: done in 0.000645074 secs using 99.68% CPU
Optimizing NNI: done in 0.00280316 secs using 99.89% CPU
Optimizing NNI: done in 0.00319917 secs using 99.87% CPU
Optimizing NNI: done in 0.00138027 secs using 99.91% CPU
Optimizing NNI: done in 0.000720695 secs using 99.35% CPU
Optimizing NNI: done in 0.00131466 secs using 99.87% CPU
Optimizing NNI: done in 0.00124064 secs using 99.87% CPU
Optimizing NNI: done in 0.000772409 secs using 98.91% CPU
Optimizing NNI: done in 0.000662079 secs using 99.69% CPU
Optimizing NNI: done in 0.00128785 secs using 99.86% CPU
Optimizing NNI: done in 0.00127645 secs using 99.65% CPU
Optimizing NNI: done in 0.00133716 secs using 99.84% CPU
Optimizing NNI: done in 0.000660979 secs using 99.7% CPU
Optimizing NNI: done in 0.0014604 secs using 99.77% CPU
Optimizing NNI: done in 0.00123163 secs using 99.87% CPU
Optimizing NNI: done in 0.00137697 secs using 99.86% CPU
Optimizing NNI: done in 0.00155512 secs using 99.74% CPU
Optimizing NNI: done in 0.00106569 secs using 99.84% CPU
Optimizing NNI: done in 0.00130585 secs using 99.86% CPU
Optimizing NNI: done in 0.00160463 secs using 99.65% CPU
Optimizing NNI: done in 0.00135317 secs using 99.84% CPU
Optimizing NNI: done in 0.00268233 secs using 99.91% CPU
Optimizing NNI: done in 0.000652977 secs using 99.39% CPU
Optimizing NNI: done in 0.00124204 secs using 99.76% CPU
Optimizing NNI: done in 0.00152961 secs using 99.83% CPU
Optimizing NNI: done in 0.00135637 secs using 99.75% CPU
200 samples done
Optimizing NNI: done in 0.00118392 secs using 99.84% CPU
Optimizing NNI: done in 0.0010877 secs using 99.75% CPU
Optimizing NNI: done in 0.00135237 secs using 99.75% CPU
Optimizing NNI: done in 0.00128735 secs using 99.82% CPU
Optimizing NNI: done in 0.00155422 secs using 99.79% CPU
Optimizing NNI: done in 0.00135957 secs using 99.66% CPU
Optimizing NNI: done in 0.0014843 secs using 99.84% CPU
Optimizing NNI: done in 0.00150741 secs using 99.77% CPU
Optimizing NNI: done in 0.00066398 secs using 99.4% CPU
Optimizing NNI: done in 0.00118432 secs using 99.8% CPU
Optimizing NNI: done in 0.00119783 secs using 99.76% CPU
Optimizing NNI: done in 0.00124584 secs using 99.77% CPU
Optimizing NNI: done in 0.00140108 secs using 99.71% CPU
Optimizing NNI: done in 0.000651077 secs using 99.07% CPU
Optimizing NNI: done in 0.00133726 secs using 99.83% CPU
Optimizing NNI: done in 0.00107649 secs using 99.77% CPU
Optimizing NNI: done in 0.00126934 secs using 99.82% CPU
Optimizing NNI: done in 0.00128565 secs using 99.72% CPU
Optimizing NNI: done in 0.000712593 secs using 99.78% CPU
Optimizing NNI: done in 0.00123043 secs using 99.8% CPU
Optimizing NNI: done in 0.00151361 secs using 99.76% CPU
Optimizing NNI: done in 0.00127255 secs using 99.64% CPU
Optimizing NNI: done in 0.0011111 secs using 99.72% CPU
Optimizing NNI: done in 0.0014855 secs using 99.7% CPU
Optimizing NNI: done in 0.00192302 secs using 99.89% CPU
Optimizing NNI: done in 0.00157113 secs using 99.67% CPU
Optimizing NNI: done in 0.00241135 secs using 99.9% CPU
Optimizing NNI: done in 0.00124274 secs using 99.78% CPU
Optimizing NNI: done in 0.00163204 secs using 99.81% CPU
Optimizing NNI: done in 0.000669082 secs using 99.84% CPU
Optimizing NNI: done in 0.00128715 secs using 99.83% CPU
Optimizing NNI: done in 0.00128255 secs using 99.72% CPU
Optimizing NNI: done in 0.00122023 secs using 99.9% CPU
Optimizing NNI: done in 0.00127244 secs using 99.81% CPU
Optimizing NNI: done in 0.00143109 secs using 99.57% CPU
Optimizing NNI: done in 0.00137867 secs using 99.88% CPU
Optimizing NNI: done in 0.00114491 secs using 99.83% CPU
Optimizing NNI: done in 0.00137407 secs using 99.7% CPU
Optimizing NNI: done in 0.00117182 secs using 99.84% CPU
Optimizing NNI: done in 0.000669181 secs using 99.67% CPU
Optimizing NNI: done in 0.000720495 secs using 99.51% CPU
Optimizing NNI: done in 0.00120103 secs using 99.91% CPU
Optimizing NNI: done in 0.000659278 secs using 99.81% CPU
Optimizing NNI: done in 0.00123213 secs using 99.66% CPU
Optimizing NNI: done in 0.000924651 secs using 99.71% CPU
Optimizing NNI: done in 0.00144579 secs using 99.81% CPU
Optimizing NNI: done in 0.00134527 secs using 99.76% CPU
Optimizing NNI: done in 0.00129265 secs using 99.79% CPU
Optimizing NNI: done in 0.00117572 secs using 99.51% CPU
Optimizing NNI: done in 0.00144539 secs using 99.77% CPU
Optimizing NNI: done in 0.0014723 secs using 99.71% CPU
Optimizing NNI: done in 0.00126534 secs using 99.66% CPU
Optimizing NNI: done in 0.0014859 secs using 99.67% CPU
Optimizing NNI: done in 0.00191752 secs using 99.71% CPU
Optimizing NNI: done in 0.00136847 secs using 99.82% CPU
Optimizing NNI: done in 0.00127434 secs using 99.66% CPU
Optimizing NNI: done in 0.000809819 secs using 99.53% CPU
Optimizing NNI: done in 0.00127014 secs using 99.67% CPU
Optimizing NNI: done in 0.00132266 secs using 99.72% CPU
Optimizing NNI: done in 0.00153391 secs using 99.74% CPU
Optimizing NNI: done in 0.00143559 secs using 99.68% CPU
Optimizing NNI: done in 0.00197434 secs using 99.88% CPU
Optimizing NNI: done in 0.00128225 secs using 99.59% CPU
Optimizing NNI: done in 0.00157143 secs using 99.72% CPU
Optimizing NNI: done in 0.000761607 secs using 99.66% CPU
Optimizing NNI: done in 0.00144319 secs using 99.71% CPU
Optimizing NNI: done in 0.000751303 secs using 99.69% CPU
Optimizing NNI: done in 0.00125134 secs using 99.81% CPU
Optimizing NNI: done in 0.00128555 secs using 99.72% CPU
Optimizing NNI: done in 0.00201727 secs using 99.94% CPU
Optimizing NNI: done in 0.00143625 secs using 99.91% CPU
Optimizing NNI: done in 0.00141257 secs using 99.89% CPU
Optimizing NNI: done in 0.00139138 secs using 99.9% CPU
Optimizing NNI: done in 0.0013671 secs using 99.7% CPU
Optimizing NNI: done in 0.00145344 secs using 99.9% CPU
Optimizing NNI: done in 0.00132513 secs using 99.91% CPU
Optimizing NNI: done in 0.00174195 secs using 99.77% CPU
Optimizing NNI: done in 0.00132033 secs using 99.9% CPU
Optimizing NNI: done in 0.000752604 secs using 99.79% CPU
Optimizing NNI: done in 0.00203706 secs using 99.95% CPU
Optimizing NNI: done in 0.00128825 secs using 99.9% CPU
Optimizing NNI: done in 0.00135561 secs using 99.96% CPU
Optimizing NNI: done in 0.00251105 secs
Optimizing NNI: done in 0.00071383 secs
Optimizing NNI: done in 0.00144405 secs using 93.49% CPU
Optimizing NNI: done in 0.00193532 secs using 93.52% CPU
Optimizing NNI: done in 0.00143835 secs using 99.91% CPU
Optimizing NNI: done in 0.00140118 secs using 99.13% CPU
Optimizing NNI: done in 0.00195661 secs using 99.97% CPU
Optimizing NNI: done in 0.00142936 secs using 99.97% CPU
Optimizing NNI: done in 0.00110547 secs using 99.69% CPU
Optimizing NNI: done in 0.00122999 secs using 100% CPU
Optimizing NNI: done in 0.00141507 secs using 99.92% CPU
Optimizing NNI: done in 0.00135751 secs using 93.48% CPU
Optimizing NNI: done in 0.0012158 secs using 99.93% CPU
Optimizing NNI: done in 0.00131573 secs using 97.97% CPU
Optimizing NNI: done in 0.00133422 secs using 99.83% CPU
Optimizing NNI: done in 0.000988848 secs using 96.37% CPU
Optimizing NNI: done in 0.00129655 secs using 99.88% CPU
Optimizing NNI: done in 0.00123289 secs using 98.79% CPU
300 samples done
Optimizing NNI: done in 0.00133472 secs using 99.95% CPU
Optimizing NNI: done in 0.00148312 secs using 99.92% CPU
Optimizing NNI: done in 0.00389374 secs using 100% CPU
Optimizing NNI: done in 0.00131184 secs using 99.86% CPU
Optimizing NNI: done in 0.00125537 secs using 99.89% CPU
Optimizing NNI: done in 0.00257011 secs using 100% CPU
Optimizing NNI: done in 0.00122419 secs using 99.82% CPU
Optimizing NNI: done in 0.00123948 secs using 99.72% CPU
Optimizing NNI: done in 0.00111447 secs using 99.87% CPU
Optimizing NNI: done in 0.00133582 secs using 99.94% CPU
Optimizing NNI: done in 0.00133462 secs using 99.8% CPU
Optimizing NNI: done in 0.00113905 secs using 100% CPU
Optimizing NNI: done in 0.00191094 secs using 99.9% CPU
Optimizing NNI: done in 0.000675855 secs using 99.73% CPU
Optimizing NNI: done in 0.00102313 secs using 93.63% CPU
Optimizing NNI: done in 0.00134781 secs using 93.56% CPU
Optimizing NNI: done in 0.000692444 secs using 99.65% CPU
Optimizing NNI: done in 0.00126996 secs using 100% CPU
Optimizing NNI: done in 0.00130374 secs using 99.87% CPU
Optimizing NNI: done in 0.000767695 secs using 99.52% CPU
Optimizing NNI: done in 0.00119611 secs using 99.91% CPU
Optimizing NNI: done in 0.00125857 secs using 99.88% CPU
Optimizing NNI: done in 0.00123379 secs using 99.94% CPU
Optimizing NNI: done in 0.00191254 secs using 99.97% CPU
Optimizing NNI: done in 0.00152879 secs using 99.62% CPU
Optimizing NNI: done in 0.00110957 secs using 99.95% CPU
Optimizing NNI: done in 0.00101043 secs using 99.96% CPU
Optimizing NNI: done in 0.0012192 secs using 99.57% CPU
Optimizing NNI: done in 0.000766595 secs using 99.53% CPU
Optimizing NNI: done in 0.00116943 secs using 99.96% CPU
Optimizing NNI: done in 0.00125627 secs using 99.66% CPU
Optimizing NNI: done in 0.000725522 secs using 99.79% CPU
Optimizing NNI: done in 0.00127906 secs using 96.79% CPU
Optimizing NNI: done in 0.0012142 secs using 99.57% CPU
Optimizing NNI: done in 0.00117712 secs using 99.9% CPU
Optimizing NNI: done in 0.000677054 secs using 99.7% CPU
Optimizing NNI: done in 0.00173716 secs using 99.93% CPU
Optimizing NNI: done in 0.000731418 secs using 99.67% CPU
Optimizing NNI: done in 0.00146284 secs using 99.87% CPU
Optimizing NNI: done in 0.0012164 secs using 99.8% CPU
Optimizing NNI: done in 0.00124638 secs using 99.89% CPU
Optimizing NNI: done in 0.00137749 secs using 99.89% CPU
Optimizing NNI: done in 0.00248087 secs using 99.92% CPU
Optimizing NNI: done in 0.000668659 secs using 99.75% CPU
Optimizing NNI: done in 0.00132223 secs using 99.98% CPU
Optimizing NNI: done in 0.00123069 secs using 99.78% CPU
Optimizing NNI: done in 0.00132253 secs using 99.96% CPU
Optimizing NNI: done in 0.000672357 secs using 99.8% CPU
Optimizing NNI: done in 0.000662664 secs using 99.6% CPU
Optimizing NNI: done in 0.00125727 secs using 99.9% CPU
Optimizing NNI: done in 0.00115284 secs using 99.75% CPU
Optimizing NNI: done in 0.00105321 secs using 99.7% CPU
Optimizing NNI: done in 0.0012156 secs using 99.79% CPU
Optimizing NNI: done in 0.00119981 secs using 99.85% CPU
Optimizing NNI: done in 0.000998243 secs using 99.88% CPU
Optimizing NNI: done in 0.002283 secs using 99.96% CPU
Optimizing NNI: done in 0.00134591 secs using 100% CPU
Optimizing NNI: done in 0.00156927 secs using 99.86% CPU
Optimizing NNI: done in 0.00114355 secs using 99.86% CPU
Optimizing NNI: done in 0.00123848 secs using 99.96% CPU
Optimizing NNI: done in 0.00133762 secs using 99.65% CPU
Optimizing NNI: done in 0.000580317 secs using 99.77% CPU
Optimizing NNI: done in 0.000764797 secs using 99.9% CPU
Optimizing NNI: done in 0.00138419 secs using 99.77% CPU
Optimizing NNI: done in 0.00120161 secs using 99.78% CPU
Optimizing NNI: done in 0.00112756 secs using 99.95% CPU
Optimizing NNI: done in 0.000760699 secs using 99.65% CPU
Optimizing NNI: done in 0.000662463 secs using 99.78% CPU
Optimizing NNI: done in 0.002436 secs using 100% CPU
Optimizing NNI: done in 0.000685148 secs using 99.83% CPU
Optimizing NNI: done in 0.00147183 secs using 99.81% CPU
Optimizing NNI: done in 0.00110337 secs using 99.78% CPU
Optimizing NNI: done in 0.00127826 secs
Optimizing NNI: done in 0.000992547 secs
Optimizing NNI: done in 0.00131104 secs using 93.67% CPU
Optimizing NNI: done in 0.0013735 secs using 93.56% CPU
Optimizing NNI: done in 0.00127476 secs using 99.78% CPU
Optimizing NNI: done in 0.000702537 secs using 99.78% CPU
Optimizing NNI: done in 0.00140937 secs using 99.83% CPU
Optimizing NNI: done in 0.00120711 secs using 96.43% CPU
Optimizing NNI: done in 0.00255502 secs using 100% CPU
Optimizing NNI: done in 0.000747108 secs using 99.58% CPU
Optimizing NNI: done in 0.00139728 secs using 99.91% CPU
Optimizing NNI: done in 0.00133832 secs using 99.9% CPU
Optimizing NNI: done in 0.00129794 secs using 99.77% CPU
Optimizing NNI: done in 0.00141147 secs using 99.97% CPU
Optimizing NNI: done in 0.00111077 secs using 99.84% CPU
Optimizing NNI: done in 0.00122879 secs using 99.77% CPU
Optimizing NNI: done in 0.000679552 secs using 99.77% CPU
Optimizing NNI: done in 0.00360383 secs using 99.95% CPU
Optimizing NNI: done in 0.0013643 secs using 99.76% CPU
Optimizing NNI: done in 0.00065387 secs using 99.71% CPU
Optimizing NNI: done in 0.00063818 secs using 99.66% CPU
Optimizing NNI: done in 0.000666861 secs using 99.42% CPU
Optimizing NNI: done in 0.00069734 secs using 99.81% CPU
Optimizing NNI: done in 0.00109278 secs using 99.93% CPU
Optimizing NNI: done in 0.000670059 secs using 99.84% CPU
Optimizing NNI: done in 0.00124588 secs using 99.77% CPU
Optimizing NNI: done in 0.000679153 secs using 99.68% CPU
Optimizing NNI: done in 0.00112866 secs using 99.94% CPU
400 samples done
Optimizing NNI: done in 0.00134561 secs using 99.81% CPU
Optimizing NNI: done in 0.000680551 secs using 99.77% CPU
Optimizing NNI: done in 0.00116603 secs using 100% CPU
Optimizing NNI: done in 0.00125647 secs using 99.8% CPU
Optimizing NNI: done in 0.000630685 secs using 99.42% CPU
Optimizing NNI: done in 0.00118782 secs using 99.93% CPU
Optimizing NNI: done in 0.00115104 secs using 99.56% CPU
Optimizing NNI: done in 0.000681351 secs using 99.8% CPU
Optimizing NNI: done in 0.00123759 secs using 99.87% CPU
Optimizing NNI: done in 0.00171497 secs using 99.83% CPU
Optimizing NNI: done in 0.000694243 secs using 99.96% CPU
Optimizing NNI: done in 0.00132962 secs using 99.88% CPU
Optimizing NNI: done in 0.00128955 secs using 99.8% CPU
Optimizing NNI: done in 0.0012195 secs using 99.88% CPU
Optimizing NNI: done in 0.00130504 secs
Optimizing NNI: done in 0.00127186 secs using 84.44% CPU
Optimizing NNI: done in 0.00128266 secs using 99.79% CPU
Optimizing NNI: done in 0.00114864 secs using 97.85% CPU
Optimizing NNI: done in 0.00131903 secs using 99.69% CPU
Optimizing NNI: done in 0.000645575 secs using 99.91% CPU
Optimizing NNI: done in 0.0012195 secs using 99.96% CPU
Optimizing NNI: done in 0.00298214 secs using 99.96% CPU
Optimizing NNI: done in 0.00124108 secs using 99.91% CPU
Optimizing NNI: done in 0.0010571 secs using 99.8% CPU
Optimizing NNI: done in 0.00209662 secs using 99.88% CPU
Optimizing NNI: done in 0.00123868 secs using 93.73% CPU
Optimizing NNI: done in 0.00129994 secs using 99.85% CPU
Optimizing NNI: done in 0.00189345 secs using 99.92% CPU
Optimizing NNI: done in 0.00140308 secs using 99.92% CPU
Optimizing NNI: done in 0.00144745 secs using 99.76% CPU
Optimizing NNI: done in 0.00269013 secs using 100% CPU
Optimizing NNI: done in 0.000677554 secs using 99.92% CPU
Optimizing NNI: done in 0.00133402 secs using 99.7% CPU
Optimizing NNI: done in 0.00130564 secs using 99.95% CPU
Optimizing NNI: done in 0.00063768 secs using 99.74% CPU
Optimizing NNI: done in 0.00129215 secs using 99.76% CPU
Optimizing NNI: done in 0.0012187 secs using 99.94% CPU
Optimizing NNI: done in 0.00120691 secs using 99.93% CPU
Optimizing NNI: done in 0.00189095 secs using 99.79% CPU
Optimizing NNI: done in 0.00123958 secs using 99.71% CPU
Optimizing NNI: done in 0.00126507 secs using 99.99% CPU
Optimizing NNI: done in 0.00192523 secs using 99.88% CPU
Optimizing NNI: done in 0.00116553 secs using 99.87% CPU
Optimizing NNI: done in 0.00135711 secs using 99.77% CPU
Optimizing NNI: done in 0.001496 secs using 99.87% CPU
Optimizing NNI: done in 0.00125865 secs using 100% CPU
Optimizing NNI: done in 0.00147812 secs using 99.79% CPU
Optimizing NNI: done in 0.00153753 secs using 99.77% CPU
Optimizing NNI: done in 0.00132275 secs using 99.87% CPU
Optimizing NNI: done in 0.00128461 secs using 99.8% CPU
Optimizing NNI: done in 0.00191178 secs using 99.91% CPU
Optimizing NNI: done in 0.00138636 secs using 99.9% CPU
Optimizing NNI: done in 0.0014253 secs using 99.84% CPU
Optimizing NNI: done in 0.00121691 secs using 99.76% CPU
Optimizing NNI: done in 0.000731422 secs using 99.67% CPU
Optimizing NNI: done in 0.00125016 secs using 99.91% CPU
Optimizing NNI: done in 0.00205277 secs using 99.86% CPU
Optimizing NNI: done in 0.00152635 secs using 99.98% CPU
Optimizing NNI: done in 0.00109798 secs using 99.82% CPU
Optimizing NNI: done in 0.00195322 secs using 99.94% CPU
Optimizing NNI: done in 0.001289 secs using 100% CPU
Optimizing NNI: done in 0.00121791 secs using 100% CPU
Optimizing NNI: done in 0.00140633 secs using 99.91% CPU
Optimizing NNI: done in 0.000664221 secs using 99.82% CPU
Optimizing NNI: done in 0.00133863 secs using 99.95% CPU
Optimizing NNI: done in 0.000758183 secs using 99.58% CPU
Optimizing NNI: done in 0.00134222 secs using 99.98% CPU
Optimizing NNI: done in 0.00237211 secs using 100% CPU
Optimizing NNI: done in 0.0013579 secs using 99.93% CPU
Optimizing NNI: done in 0.0013559 secs using 100% CPU
Optimizing NNI: done in 0.00124716 secs using 99.83% CPU
Optimizing NNI: done in 0.0013578 secs using 99.94% CPU
Optimizing NNI: done in 0.000761577 secs using 99.92% CPU
Optimizing NNI: done in 0.00141202 secs using 99.64% CPU
Optimizing NNI: done in 0.000721437 secs using 99.94% CPU
Optimizing NNI: done in 0.00146903 secs using 100% CPU
Optimizing NNI: done in 0.00147103 secs using 99.59% CPU
Optimizing NNI: done in 0.000689683 secs using 99.9% CPU
Optimizing NNI: done in 0.000702664 secs using 99.91% CPU
Optimizing NNI: done in 0.00133853 secs using 99.74% CPU
Optimizing NNI: done in 0.001151 secs using 100% CPU
Optimizing NNI: done in 0.001422 secs using 100% CPU
Optimizing NNI: done in 0.0012907 secs using 99.79% CPU
Optimizing NNI: done in 0.000695076 secs using 99.85% CPU
Optimizing NNI: done in 0.00121072 secs using 99.94% CPU
Optimizing NNI: done in 0.00136878 secs using 100% CPU
Optimizing NNI: done in 0.0013571 secs using 99.99% CPU
Optimizing NNI: done in 0.00122969 secs using 99.94% CPU
Optimizing NNI: done in 0.000770465 secs using 99.55% CPU
Optimizing NNI: done in 0.00125914 secs using 99.99% CPU
Optimizing NNI: done in 0.00113623 secs using 99.98% CPU
Optimizing NNI: done in 0.00123059 secs using 99.71% CPU
Optimizing NNI: done in 0.000632269 secs using 99.96% CPU
Optimizing NNI: done in 0.00113153 secs using 99.95% CPU
Optimizing NNI: done in 0.00115889 secs using 99.84% CPU
Optimizing NNI: done in 0.000654235 secs using 99.81% CPU
Optimizing NNI: done in 0.00137627 secs using 100.1% CPU
Optimizing NNI: done in 0.000674306 secs using 99.66% CPU
Optimizing NNI: done in 0.00121311 secs using 99.99% CPU
Optimizing NNI: done in 0.0013544 secs using 100% CPU
500 samples done
Optimizing NNI: done in 0.00136179 secs using 99.87% CPU
Optimizing NNI: done in 0.00119464 secs using 99.95% CPU
Optimizing NNI: done in 0.00132654 secs using 100% CPU
Optimizing NNI: done in 0.00124257 secs using 99.87% CPU
Optimizing NNI: done in 0.00137208 secs using 99.92% CPU
Optimizing NNI: done in 0.0012221 secs using 99.91% CPU
Optimizing NNI: done in 0.00137298 secs using 99.86% CPU
Optimizing NNI: done in 0.00130088 secs using 99.93% CPU
Optimizing NNI: done in 0.00228943 secs using 99.85% CPU
Optimizing NNI: done in 0.00135151 secs using 99.89% CPU
Optimizing NNI: done in 0.000655933 secs using 99.86% CPU
Optimizing NNI: done in 0.00131736 secs using 99.82% CPU
Optimizing NNI: done in 0.000614195 secs using 99.81% CPU
Optimizing NNI: done in 0.000632567 secs using 99.91% CPU
Optimizing NNI: done in 0.00117926 secs using 99.98% CPU
Optimizing NNI: done in 0.00125455 secs using 100% CPU
Optimizing NNI: done in 0.00106333 secs using 99.97% CPU
Optimizing NNI: done in 0.000710054 secs using 99.99% CPU
Optimizing NNI: done in 0.00119763 secs using 99.86% CPU
Optimizing NNI: done in 0.00130568 secs using 100% CPU
Optimizing NNI: done in 0.00126224 secs using 100.1% CPU
Optimizing NNI: done in 0.00119035 secs using 99.89% CPU
Optimizing NNI: done in 0.00137537 secs using 100% CPU
Optimizing NNI: done in 0.00122879 secs using 99.94% CPU
Optimizing NNI: done in 0.00132145 secs using 99.97% CPU
Optimizing NNI: done in 0.00343734 secs using 100.1% CPU
Optimizing NNI: done in 0.00245598 secs using 99.96% CPU
Optimizing NNI: done in 0.000635463 secs using 99.93% CPU
Optimizing NNI: done in 0.00136559 secs using 99.96% CPU
Optimizing NNI: done in 0.00130528 secs using 99.83% CPU
Optimizing NNI: done in 0.00135311 secs using 99.99% CPU
Optimizing NNI: done in 0.0012217 secs using 100% CPU
Optimizing NNI: done in 0.000660227 secs using 99.51% CPU
Optimizing NNI: done in 0.0010878 secs using 100% CPU
Optimizing NNI: done in 0.00102579 secs using 100% CPU
Optimizing NNI: done in 0.000725531 secs using 99.65% CPU
Optimizing NNI: done in 0.00123358 secs using 100% CPU
Optimizing NNI: done in 0.001289 secs using 100.1% CPU
Optimizing NNI: done in 0.00123558 secs using 99.95% CPU
Optimizing NNI: done in 0.00133284 secs using 99.94% CPU
Optimizing NNI: done in 0.00137458 secs using 99.96% CPU
Optimizing NNI: done in 0.000954393 secs using 99.54% CPU
Optimizing NNI: done in 0.000667916 secs using 99.86% CPU
Optimizing NNI: done in 0.00129609 secs using 99.99% CPU
Optimizing NNI: done in 0.00143359 secs using 99.89% CPU
Optimizing NNI: done in 0.00123109 secs using 99.99% CPU
Optimizing NNI: done in 0.000721237 secs using 99.97% CPU
Optimizing NNI: done in 0.00144287 secs using 99.52% CPU
Optimizing NNI: done in 0.00128101 secs using 100.1% CPU
Optimizing NNI: done in 0.00138316 secs using 99.99% CPU
Optimizing NNI: done in 0.00150408 secs using 99.53% CPU
Optimizing NNI: done in 0.00133383 secs using 100.1% CPU
Optimizing NNI: done in 0.000699569 secs using 99.92% CPU
Optimizing NNI: done in 0.0010846 secs using 99.48% CPU
Optimizing NNI: done in 0.00186785 secs using 99.95% CPU
Optimizing NNI: done in 0.000724532 secs using 99.93% CPU
Optimizing NNI: done in 0.00133553 secs using 99.81% CPU
Optimizing NNI: done in 0.000682994 secs using 99.85% CPU
Optimizing NNI: done in 0.00153793 secs using 100% CPU
Optimizing NNI: done in 0.001359 secs using 99.78% CPU
Optimizing NNI: done in 0.000940714 secs using 99.92% CPU
Optimizing NNI: done in 0.0011573 secs using 100.1% CPU
Optimizing NNI: done in 0.000720438 secs using 99.66% CPU
Optimizing NNI: done in 0.0012875 secs using 99.88% CPU
Optimizing NNI: done in 0.000674007 secs using 100% CPU
Optimizing NNI: done in 0.000796626 secs using 99.54% CPU
Optimizing NNI: done in 0.0014267 secs using 99.95% CPU
Optimizing NNI: done in 0.00279977 secs using 100.1% CPU
Optimizing NNI: done in 0.00194593 secs using 99.95% CPU
Optimizing NNI: done in 0.00122489 secs using 100% CPU
Optimizing NNI: done in 0.000656732 secs using 99.89% CPU
Optimizing NNI: done in 0.000640156 secs using 99.82% CPU
Optimizing NNI: done in 0.00113822 secs using 99.8% CPU
Optimizing NNI: done in 0.00129309 secs using 99.92% CPU
Optimizing NNI: done in 0.00304981 secs using 100% CPU
Optimizing NNI: done in 0.000757084 secs using 99.72% CPU
Optimizing NNI: done in 0.000665519 secs using 99.92% CPU
Optimizing NNI: done in 0.0011556 secs using 99.86% CPU
Optimizing NNI: done in 0.00125275 secs
Optimizing NNI: done in 0.00234205 secs using 93.93% CPU
Optimizing NNI: done in 0.00131846 secs using 99.74% CPU
Optimizing NNI: done in 0.00114651 secs using 99.43% CPU
Optimizing NNI: done in 0.00113692 secs using 100% CPU
Optimizing NNI: done in 0.000682494 secs using 99.63% CPU
Optimizing NNI: done in 0.000694177 secs using 99.83% CPU
Optimizing NNI: done in 0.000675405 secs using 99.79% CPU
Optimizing NNI: done in 0.00058983 secs using 99.86% CPU
Optimizing NNI: done in 0.00128241 secs using 99.89% CPU
Optimizing NNI: done in 0.000703264 secs using 99.82% CPU
Optimizing NNI: done in 0.000697771 secs using 99.6% CPU
Optimizing NNI: done in 0.00152715 secs using 99.86% CPU
Optimizing NNI: done in 0.00116998 secs using 99.92% CPU
Optimizing NNI: done in 0.00100931 secs using 93.93% CPU
Optimizing NNI: done in 0.00190509 secs using 97.84% CPU
Optimizing NNI: done in 0.00158776 secs using 99.95% CPU
Optimizing NNI: done in 0.00117417 secs using 99.99% CPU
Optimizing NNI: done in 0.00292878 secs using 100% CPU
Optimizing NNI: done in 0.00129799 secs using 99.92% CPU
Optimizing NNI: done in 0.00213635 secs using 100.1% CPU
Optimizing NNI: done in 0.00129978 secs using 99.86% CPU
600 samples done
Optimizing NNI: done in 0.00124257 secs using 100% CPU
Optimizing NNI: done in 0.00124217 secs using 99.74% CPU
Optimizing NNI: done in 0.00122669 secs using 93.75% CPU
Optimizing NNI: done in 0.00131946 secs using 100% CPU
Optimizing NNI: done in 0.00112704 secs using 99.82% CPU
Optimizing NNI: done in 0.00088879 secs using 99.8% CPU
Optimizing NNI: done in 0.00180963 secs using 100% CPU
Optimizing NNI: done in 0.00235653 secs using 93.87% CPU
Optimizing NNI: done in 0.00105794 secs using 99.72% CPU
Optimizing NNI: done in 0.00165846 secs using 99.97% CPU
Optimizing NNI: done in 0.00165596 secs using 97.41% CPU
Optimizing NNI: done in 0.00169191 secs
Optimizing NNI: done in 0.00166255 secs using 93.95% CPU
Optimizing NNI: done in 0.00116428 secs using 99.72% CPU
Optimizing NNI: done in 0.00174553 secs using 93.9% CPU
Optimizing NNI: done in 0.00184718 secs using 99.99% CPU
Optimizing NNI: done in 0.00167314 secs using 99.99% CPU
Optimizing NNI: done in 0.00178609 secs using 100.1% CPU
Optimizing NNI: done in 0.00177053 secs using 99.91% CPU
Optimizing NNI: done in 0.00166795 secs using 100.1% CPU
Optimizing NNI: done in 0.000951219 secs using 99.77% CPU
Optimizing NNI: done in 0.00162195 secs using 100.1% CPU
Optimizing NNI: done in 0.00113861 secs using 99.95% CPU
Optimizing NNI: done in 0.00163782 secs using 100.1% CPU
Optimizing NNI: done in 0.00148954 secs using 100% CPU
Optimizing NNI: done in 0.00165169 secs using 100% CPU
Optimizing NNI: done in 0.00165109 secs using 100.1% CPU
Optimizing NNI: done in 0.000870396 secs using 99.84% CPU
Optimizing NNI: done in 0.000794562 secs using 99.8% CPU
Optimizing NNI: done in 0.00215119 secs using 99.9% CPU
Optimizing NNI: done in 0.00156537 secs using 98.06% CPU
Optimizing NNI: done in 0.00175067 secs using 99.85% CPU
Optimizing NNI: done in 0.00293169 secs using 100.1% CPU
Optimizing NNI: done in 0.000895741 secs using 99.69% CPU
Optimizing NNI: done in 0.00172922 secs using 99.93% CPU
Optimizing NNI: done in 0.00188647 secs using 100% CPU
Optimizing NNI: done in 0.00171555 secs using 100.1% CPU
Optimizing NNI: done in 0.00155161 secs using 100.1% CPU
Optimizing NNI: done in 0.00202178 secs using 99.96% CPU
Optimizing NNI: done in 0.00180844 secs using 100% CPU
Optimizing NNI: done in 0.0015067 secs using 99.95% CPU
Optimizing NNI: done in 0.00450425 secs using 100.1% CPU
Optimizing NNI: done in 0.00183099 secs using 99.95% CPU
Optimizing NNI: done in 0.00143745 secs using 99.9% CPU
Optimizing NNI: done in 0.00153933 secs using 99.85% CPU
Optimizing NNI: done in 0.00152147 secs using 100% CPU
Optimizing NNI: done in 0.00185893 secs
Optimizing NNI: done in 0.000855429 secs
Optimizing NNI: done in 0.000796258 secs using 93.94% CPU
Optimizing NNI: done in 0.00147427 secs using 99.91% CPU
Optimizing NNI: done in 0.00171435 secs using 100.1% CPU
Optimizing NNI: done in 0.00115787 secs using 99.75% CPU
Optimizing NNI: done in 0.00160738 secs using 100% CPU
Optimizing NNI: done in 0.00151339 secs using 100% CPU
Optimizing NNI: done in 0.000838865 secs using 99.9% CPU
Optimizing NNI: done in 0.00166186 secs using 100.1% CPU
Optimizing NNI: done in 0.00156458 secs using 99.84% CPU
Optimizing NNI: done in 0.00162574 secs using 100.1% CPU
Optimizing NNI: done in 0.000961396 secs using 100.1% CPU
Optimizing NNI: done in 0.00154672 secs using 100% CPU
Optimizing NNI: done in 0.00271177 secs using 100.2% CPU
Optimizing NNI: done in 0.00131552 secs using 99.81% CPU
Optimizing NNI: done in 0.00183488 secs using 100.1% CPU
Optimizing NNI: done in 0.00162006 secs using 100% CPU
Optimizing NNI: done in 0.000855827 secs using 99.9% CPU
Optimizing NNI: done in 0.00197129 secs using 100% CPU
Optimizing NNI: done in 0.000937449 secs using 99.95% CPU
Optimizing NNI: done in 0.000838166 secs using 99.98% CPU
Optimizing NNI: done in 0.000834773 secs using 99.79% CPU
Optimizing NNI: done in 0.000885263 secs using 99.97% CPU
Optimizing NNI: done in 0.00159701 secs using 100.1% CPU
Optimizing NNI: done in 0.0015985 secs using 100% CPU
Optimizing NNI: done in 0.00145741 secs using 100% CPU
Optimizing NNI: done in 0.00147966 secs using 99.96% CPU
Optimizing NNI: done in 0.00129766 secs using 100% CPU
Optimizing NNI: done in 0.000847645 secs using 100% CPU
Optimizing NNI: done in 0.00142758 secs using 99.96% CPU
Optimizing NNI: done in 0.00171355 secs using 100.1% CPU
Optimizing NNI: done in 0.00163842 secs using 99.85% CPU
Optimizing NNI: done in 0.00154143 secs using 100.1% CPU
Optimizing NNI: done in 0.00168042 secs using 100.1% CPU
Optimizing NNI: done in 0.00157485 secs using 99.95% CPU
Optimizing NNI: done in 0.00486665 secs using 100.2% CPU
Optimizing NNI: done in 0.00131482 secs using 93.93% CPU
Optimizing NNI: done in 0.00235625 secs using 100.1% CPU
Optimizing NNI: done in 0.000883567 secs using 99.82% CPU
Optimizing NNI: done in 0.00199633 secs using 100.1% CPU
Optimizing NNI: done in 0.00169639 secs using 99.92% CPU
Optimizing NNI: done in 0.00152317 secs using 100.1% CPU
Optimizing NNI: done in 0.00140203 secs using 100.1% CPU
Optimizing NNI: done in 0.00299195 secs using 100.1% CPU
Optimizing NNI: done in 0.00284527 secs using 100.2% CPU
Optimizing NNI: done in 0.00140922 secs using 99.98% CPU
Optimizing NNI: done in 0.00140063 secs using 94.03% CPU
Optimizing NNI: done in 0.00089105 secs using 99.99% CPU
Optimizing NNI: done in 0.000810726 secs using 95.1% CPU
Optimizing NNI: done in 0.00144883 secs using 100.1% CPU
Optimizing NNI: done in 0.00181882 secs using 96.82% CPU
Optimizing NNI: done in 0.00206867 secs using 100.1% CPU
Optimizing NNI: done in 0.0012775 secs using 100.1% CPU
700 samples done
Optimizing NNI: done in 0.00142917 secs using 99.92% CPU
Optimizing NNI: done in 0.00079995 secs using 99.88% CPU
Optimizing NNI: done in 0.00195762 secs using 100.1% CPU
Optimizing NNI: done in 0.00144214 secs using 100.1% CPU
Optimizing NNI: done in 0.000848643 secs using 100% CPU
Optimizing NNI: done in 0.00309722 secs using 100.1% CPU
Optimizing NNI: done in 0.00162215 secs using 99.99% CPU
Optimizing NNI: done in 0.00165987 secs using 100% CPU
Optimizing NNI: done in 0.00144673 secs using 100% CPU
Optimizing NNI: done in 0.00218682 secs using 100.1% CPU
Optimizing NNI: done in 0.000825194 secs using 99.73% CPU
Optimizing NNI: done in 0.000734293 secs using 100.1% CPU
Optimizing NNI: done in 0.00136072 secs using 100.1% CPU
Optimizing NNI: done in 0.00120137 secs using 100.1% CPU
Optimizing NNI: done in 0.00120057 secs using 100% CPU
Optimizing NNI: done in 0.00176763 secs using 97.47% CPU
Optimizing NNI: done in 0.00194155 secs using 100.1% CPU
Optimizing NNI: done in 0.00260111 secs
Optimizing NNI: done in 0.00211278 secs
Optimizing NNI: done in 0.00144194 secs
Optimizing NNI: done in 0.00157196 secs using 93.96% CPU
Optimizing NNI: done in 0.00141071 secs using 93.99% CPU
Optimizing NNI: done in 0.00149742 secs using 100% CPU
Optimizing NNI: done in 0.000785681 secs using 99.79% CPU
Optimizing NNI: done in 0.00154492 secs using 100.1% CPU
Optimizing NNI: done in 0.000883966 secs using 99.55% CPU
Optimizing NNI: done in 0.000787976 secs using 100% CPU
Optimizing NNI: done in 0.00154632 secs using 99.98% CPU
Optimizing NNI: done in 0.00135683 secs using 100% CPU
Optimizing NNI: done in 0.00146938 secs using 100% CPU
Optimizing NNI: done in 0.00240564 secs using 99.93% CPU
Optimizing NNI: done in 0.000704559 secs using 99.78% CPU
Optimizing NNI: done in 0.00158813 secs using 99.99% CPU
Optimizing NNI: done in 0.0020548 secs using 99.96% CPU
Optimizing NNI: done in 0.0014162 secs using 100.1% CPU
Optimizing NNI: done in 0.000888457 secs using 99.72% CPU
Optimizing NNI: done in 0.0025601 secs using 100.1% CPU
Optimizing NNI: done in 0.00150032 secs
Optimizing NNI: done in 0.00150072 secs using 93.89% CPU
Optimizing NNI: done in 0.00161367 secs using 100.1% CPU
Optimizing NNI: done in 0.00142438 secs using 99.97% CPU
Optimizing NNI: done in 0.000768818 secs using 99.63% CPU
Optimizing NNI: done in 0.000718727 secs using 99.9% CPU
Optimizing NNI: done in 0.00149313 secs using 99.79% CPU
Optimizing NNI: done in 0.00145402 secs using 100.1% CPU
Optimizing NNI: done in 0.00145442 secs using 100.1% CPU
Optimizing NNI: done in 0.00135783 secs using 99.94% CPU
Optimizing NNI: done in 0.00144444 secs using 99.97% CPU
Optimizing NNI: done in 0.00177701 secs using 99.89% CPU
Optimizing NNI: done in 0.00147627 secs using 100.1% CPU
Optimizing NNI: done in 0.00147777 secs using 100.2% CPU
Optimizing NNI: done in 0.00133777 secs using 100% CPU
Optimizing NNI: done in 0.000761035 secs using 99.86% CPU
Optimizing NNI: done in 0.00143277 secs using 100.1% CPU
Optimizing NNI: done in 0.00133568 secs using 99.95% CPU
Optimizing NNI: done in 0.00131143 secs using 99.97% CPU
Optimizing NNI: done in 0.00162445 secs using 99.91% CPU
Optimizing NNI: done in 0.00153574 secs using 100.1% CPU
Optimizing NNI: done in 0.00231244 secs using 100.2% CPU
Optimizing NNI: done in 0.00140652 secs using 100% CPU
Optimizing NNI: done in 0.000753152 secs using 99.98% CPU
Optimizing NNI: done in 0.00203994 secs using 100.1% CPU
Optimizing NNI: done in 0.00134138 secs using 100% CPU
Optimizing NNI: done in 0.0007822 secs using 100.1% CPU
Optimizing NNI: done in 0.00096319 secs using 99.15% CPU
Optimizing NNI: done in 0.00137762 secs using 100.1% CPU
Optimizing NNI: done in 0.00139667 secs using 100.1% CPU
Optimizing NNI: done in 0.00171667 secs using 100.1% CPU
Optimizing NNI: done in 0.00147565 secs using 100.1% CPU
Optimizing NNI: done in 0.00165514 secs using 100.1% CPU
Optimizing NNI: done in 0.00152112 secs using 100.1% CPU
Optimizing NNI: done in 0.00198332 secs using 100.2% CPU
Optimizing NNI: done in 0.00506425 secs using 100.2% CPU
Optimizing NNI: done in 0.000719476 secs using 99.93% CPU
Optimizing NNI: done in 0.000893585 secs using 99.71% CPU
Optimizing NNI: done in 0.0014925 secs using 100.1% CPU
Optimizing NNI: done in 0.00123941 secs using 100.1% CPU
Optimizing NNI: done in 0.00118716 secs using 99.65% CPU
Optimizing NNI: done in 0.000713493 secs using 99.93% CPU
Optimizing NNI: done in 0.00137064 secs using 100.1% CPU
Optimizing NNI: done in 0.00145351 secs using 100% CPU
Optimizing NNI: done in 0.00211355 secs
Optimizing NNI: done in 0.00140385 secs
Optimizing NNI: done in 0.000779008 secs using 93.97% CPU
Optimizing NNI: done in 0.000822387 secs using 93.99% CPU
Optimizing NNI: done in 0.00125397 secs using 100.2% CPU
Optimizing NNI: done in 0.00149439 secs using 97.03% CPU
Optimizing NNI: done in 0.000667422 secs using 99.94% CPU
Optimizing NNI: done in 0.00164128 secs using 99.8% CPU
Optimizing NNI: done in 0.00141961 secs using 100.1% CPU
Optimizing NNI: done in 0.00133225 secs using 100.1% CPU
Optimizing NNI: done in 0.00149519 secs
Optimizing NNI: done in 0.00116363 secs
Optimizing NNI: done in 0.0007464 secs using 93.92% CPU
Optimizing NNI: done in 0.000746898 secs using 93.72% CPU
Optimizing NNI: done in 0.00084602 secs using 100.1% CPU
Optimizing NNI: done in 0.00153877 secs using 98.07% CPU
Optimizing NNI: done in 0.00235138 secs using 99.43% CPU
Optimizing NNI: done in 0.00141522 secs using 100.1% CPU
Optimizing NNI: done in 0.00154934 secs using 99.98% CPU
800 samples done
Optimizing NNI: done in 0.00146049 secs using 99.97% CPU
Optimizing NNI: done in 0.00201244 secs using 99.83% CPU
Optimizing NNI: done in 0.000978547 secs using 99.84% CPU
Optimizing NNI: done in 0.000795263 secs using 99.72% CPU
Optimizing NNI: done in 0.000940254 secs using 99.76% CPU
Optimizing NNI: done in 0.000738822 secs using 99.89% CPU
Optimizing NNI: done in 0.00130443 secs using 100% CPU
Optimizing NNI: done in 0.000852701 secs using 99.8% CPU
Optimizing NNI: done in 0.00132707 secs using 100.1% CPU
Optimizing NNI: done in 0.00137353 secs using 100% CPU
Optimizing NNI: done in 0.00167309 secs using 99.99% CPU
Optimizing NNI: done in 0.00243535 secs using 99.99% CPU
Optimizing NNI: done in 0.0012446 secs
Optimizing NNI: done in 0.00130443 secs using 93.99% CPU
Optimizing NNI: done in 0.00154336 secs
Optimizing NNI: done in 0.000788781 secs
Optimizing NNI: done in 0.00294082 secs
Optimizing NNI: done in 0.00304733 secs using 76.82% CPU
Optimizing NNI: done in 0.00153428 secs using 93.99% CPU
Optimizing NNI: done in 0.0014918 secs using 100% CPU
Optimizing NNI: done in 0.00178199 secs using 100.2% CPU
Optimizing NNI: done in 0.00166093 secs using 100.1% CPU
Optimizing NNI: done in 0.00144274 secs using 100.2% CPU
Optimizing NNI: done in 0.0015299 secs using 100.1% CPU
Optimizing NNI: done in 0.00216461 secs using 100.1% CPU
Optimizing NNI: done in 0.00140146 secs using 100% CPU
Optimizing NNI: done in 0.000841931 secs using 99.77% CPU
Optimizing NNI: done in 0.0014936 secs using 100% CPU
Optimizing NNI: done in 0.00147006 secs using 100.1% CPU
Optimizing NNI: done in 0.00155024 secs using 100% CPU
Optimizing NNI: done in 0.001352 secs
Optimizing NNI: done in 0.00151893 secs using 93.95% CPU
Optimizing NNI: done in 0.00164876 secs using 93.89% CPU
Optimizing NNI: done in 0.00146049 secs using 100.1% CPU
Optimizing NNI: done in 0.00136167 secs using 100.1% CPU
Optimizing NNI: done in 0.00141711 secs using 100.1% CPU
Optimizing NNI: done in 0.00138999 secs using 100.1% CPU
Optimizing NNI: done in 0.000792969 secs using 95.21% CPU
Optimizing NNI: done in 0.000701427 secs using 99.94% CPU
Optimizing NNI: done in 0.00172106 secs using 100.2% CPU
Optimizing NNI: done in 0.00365472 secs using 100.2% CPU
Optimizing NNI: done in 0.00145311 secs using 100.1% CPU
Optimizing NNI: done in 0.0014201 secs using 100.1% CPU
Optimizing NNI: done in 0.00076046 secs using 99.81% CPU
Optimizing NNI: done in 0.0020614 secs using 99.93% CPU
Optimizing NNI: done in 0.00135539 secs using 100.2% CPU
Optimizing NNI: done in 0.00157636 secs using 97.38% CPU
Optimizing NNI: done in 0.00142718 secs using 95.22% CPU
Optimizing NNI: done in 0.00129246 secs using 100.1% CPU
Optimizing NNI: done in 0.000746699 secs using 93.88% CPU
Optimizing NNI: done in 0.00146538 secs using 100% CPU
Optimizing NNI: done in 0.000812714 secs using 100% CPU
Optimizing NNI: done in 0.00148682 secs using 100.1% CPU
Optimizing NNI: done in 0.001599 secs using 100.2% CPU
Optimizing NNI: done in 0.00281707 secs using 100.2% CPU
Optimizing NNI: done in 0.00121987 secs using 99.93% CPU
Optimizing NNI: done in 0.00146458 secs using 100.1% CPU
Optimizing NNI: done in 0.000712895 secs using 100% CPU
Optimizing NNI: done in 0.00131829 secs using 100.1% CPU
Optimizing NNI: done in 0.000726257 secs using 99.96% CPU
Optimizing NNI: done in 0.00260008 secs using 100.2% CPU
Optimizing NNI: done in 0.000746499 secs using 100.1% CPU
Optimizing NNI: done in 0.00142599 secs using 100.1% CPU
Optimizing NNI: done in 0.00137872 secs using 99.95% CPU
Optimizing NNI: done in 0.000792071 secs using 99.99% CPU
Optimizing NNI: done in 0.00070372 secs using 99.9% CPU
Optimizing NNI: done in 0.0015645 secs using 100% CPU
Optimizing NNI: done in 0.00137314 secs using 100.1% CPU
Optimizing NNI: done in 0.00149908 secs using 99.99% CPU
Optimizing NNI: done in 0.00307465 secs using 100.2% CPU
Optimizing NNI: done in 0.00159062 secs using 96.69% CPU
Optimizing NNI: done in 0.000710999 secs using 99.58% CPU
Optimizing NNI: done in 0.00200885 secs using 100.2% CPU
Optimizing NNI: done in 0.000766045 secs using 99.99% CPU
Optimizing NNI: done in 0.00135529 secs using 100.1% CPU
Optimizing NNI: done in 0.000756472 secs using 99.94% CPU
Optimizing NNI: done in 0.000619557 secs using 99.91% CPU
Optimizing NNI: done in 0.00125706 secs using 99.92% CPU
Optimizing NNI: done in 0.00118636 secs using 100.1% CPU
Optimizing NNI: done in 0.00094893 secs using 99.8% CPU
Optimizing NNI: done in 0.000761956 secs using 99.87% CPU
Optimizing NNI: done in 0.000838441 secs using 100.1% CPU
Optimizing NNI: done in 0.00148632 secs using 100% CPU
Optimizing NNI: done in 0.00147635 secs using 100.1% CPU
Optimizing NNI: done in 0.00135928 secs using 100.2% CPU
Optimizing NNI: done in 0.00201403 secs using 100% CPU
Optimizing NNI: done in 0.000713393 secs using 100.1% CPU
Optimizing NNI: done in 0.00074291 secs using 100% CPU
Optimizing NNI: done in 0.00189636 secs using 100.1% CPU
Optimizing NNI: done in 0.00134621 secs using 100.2% CPU
Optimizing NNI: done in 0.00171867 secs using 100.1% CPU
Optimizing NNI: done in 0.000805634 secs using 100% CPU
Optimizing NNI: done in 0.0014221 secs using 100.1% CPU
Optimizing NNI: done in 0.00137892 secs using 99.86% CPU
Optimizing NNI: done in 0.00200027 secs using 100.2% CPU
Optimizing NNI: done in 0.00151703 secs using 100.1% CPU
Optimizing NNI: done in 0.00073942 secs using 99.67% CPU
Optimizing NNI: done in 0.00151803 secs using 100.2% CPU
Optimizing NNI: done in 0.00187592 secs using 100% CPU
Optimizing NNI: done in 0.00129695 secs using 100.2% CPU
900 samples done
Optimizing NNI: done in 0.00141562 secs using 100.1% CPU
Optimizing NNI: done in 0.0035883 secs using 100.2% CPU
Optimizing NNI: done in 0.00135589 secs using 94.03% CPU
Optimizing NNI: done in 0.0017763 secs using 100.1% CPU
Optimizing NNI: done in 0.00128778 secs using 94.04% CPU
Optimizing NNI: done in 0.00258732 secs using 100.2% CPU
Optimizing NNI: done in 0.000638703 secs using 99.89% CPU
Optimizing NNI: done in 0.000801046 secs using 100.1% CPU
Optimizing NNI: done in 0.00139657 secs using 100.2% CPU
Optimizing NNI: done in 0.00160209 secs using 99.93% CPU
Optimizing NNI: done in 0.000744605 secs using 93.74% CPU
Optimizing NNI: done in 0.000860678 secs using 100% CPU
Optimizing NNI: done in 0.00137334 secs using 100% CPU
Optimizing NNI: done in 0.00071808 secs using 100.1% CPU
Optimizing NNI: done in 0.00211664 secs using 98.74% CPU
Optimizing NNI: done in 0.00127501 secs using 100% CPU
Optimizing NNI: done in 0.00191013 secs using 100.2% CPU
Optimizing NNI: done in 0.00151474 secs using 99.95% CPU
Optimizing NNI: done in 0.00195819 secs using 100.2% CPU
Optimizing NNI: done in 0.00155433 secs using 100.1% CPU
Optimizing NNI: done in 0.00187732 secs using 100.1% CPU
Optimizing NNI: done in 0.00119678 secs using 100.2% CPU
Optimizing NNI: done in 0.000690578 secs using 99.77% CPU
Optimizing NNI: done in 0.00100103 secs using 100.2% CPU
Optimizing NNI: done in 0.00169819 secs using 100.3% CPU
Optimizing NNI: done in 0.00164627 secs using 99.74% CPU
Optimizing NNI: done in 0.00132146 secs
Optimizing NNI: done in 0.00180752 secs using 81.11% CPU
Optimizing NNI: done in 0.00120326 secs using 100.1% CPU
Optimizing NNI: done in 0.00110319 secs using 97.44% CPU
Optimizing NNI: done in 0.00128777 secs using 100.2% CPU
Optimizing NNI: done in 0.0013099 secs using 99.93% CPU
Optimizing NNI: done in 0.00119807 secs using 100.2% CPU
Optimizing NNI: done in 0.00137817 secs using 100.1% CPU
Optimizing NNI: done in 0.00149657 secs using 100.2% CPU
Optimizing NNI: done in 0.00146189 secs using 100.1% CPU
Optimizing NNI: done in 0.000683801 secs using 99.88% CPU
Optimizing NNI: done in 0.00134548 secs using 100.1% CPU
Optimizing NNI: done in 0.000649118 secs using 99.98% CPU
Optimizing NNI: done in 0.00129674 secs using 100.3% CPU
Optimizing NNI: done in 0.0016656 secs using 100.1% CPU
Optimizing NNI: done in 0.00110628 secs using 100.2% CPU
Optimizing NNI: done in 0.00133182 secs using 100.2% CPU
Optimizing NNI: done in 0.00138973 secs using 99.95% CPU
Optimizing NNI: done in 0.00119698 secs using 100.2% CPU
Optimizing NNI: done in 0.000510882 secs using 100.2% CPU
Optimizing NNI: done in 0.00118023 secs using 100.1% CPU
Optimizing NNI: done in 0.000649916 secs using 100% CPU
Optimizing NNI: done in 0.000675529 secs using 99.92% CPU
Optimizing NNI: done in 0.0011291 secs using 100.2% CPU
Optimizing NNI: done in 0.00136551 secs using 100% CPU
Optimizing NNI: done in 0.00138275 secs using 100.2% CPU
Optimizing NNI: done in 0.000651809 secs using 100.2% CPU
Optimizing NNI: done in 0.00135594 secs using 100% CPU
Optimizing NNI: done in 0.00116159 secs using 100.2% CPU
Optimizing NNI: done in 0.00185317 secs using 100.2% CPU
Optimizing NNI: done in 0.00213403 secs using 100.2% CPU
Optimizing NNI: done in 0.00118243 secs using 100.2% CPU
Optimizing NNI: done in 0.00132006 secs using 100.2% CPU
Optimizing NNI: done in 0.00203745 secs using 100.2% CPU
Optimizing NNI: done in 0.0012184 secs using 100.1% CPU
Optimizing NNI: done in 0.00118053 secs using 100.2% CPU
Optimizing NNI: done in 0.00188865 secs using 100.2% CPU
Optimizing NNI: done in 0.000662672 secs using 100.2% CPU
Optimizing NNI: done in 0.00118083 secs using 100.3% CPU
Optimizing NNI: done in 0.00126385 secs using 100.1% CPU
Optimizing NNI: done in 0.00134 secs using 100.1% CPU
Optimizing NNI: done in 0.00202539 secs using 100.3% CPU
Optimizing NNI: done in 0.000646925 secs using 100% CPU
Optimizing NNI: done in 0.000662173 secs using 100.1% CPU
Optimizing NNI: done in 0.00129425 secs using 100.2% CPU
Optimizing NNI: done in 0.0012191 secs using 100.1% CPU
Optimizing NNI: done in 0.00062759 secs using 100.2% CPU
Optimizing NNI: done in 0.00122169 secs using 100.2% CPU
Optimizing NNI: done in 0.00117595 secs using 100.1% CPU
Optimizing NNI: done in 0.00250328 secs using 100.3% CPU
Optimizing NNI: done in 0.000692772 secs using 100% CPU
Optimizing NNI: done in 0.00189622 secs using 99.83% CPU
Optimizing NNI: done in 0.000936352 secs using 100.2% CPU
Optimizing NNI: done in 0.00134478 secs using 100.2% CPU
Optimizing NNI: done in 0.00151491 secs using 99.81% CPU
Optimizing NNI: done in 0.00119957 secs using 100% CPU
Optimizing NNI: done in 0.00124023 secs using 100.1% CPU
Optimizing NNI: done in 0.00146816 secs using 99.78% CPU
Optimizing NNI: done in 0.000731142 secs
Optimizing NNI: done in 0.00132365 secs using 94.06% CPU
Optimizing NNI: done in 0.000969043 secs using 93.18% CPU
Optimizing NNI: done in 0.00158677 secs using 100% CPU
Optimizing NNI: done in 0.00132515 secs using 93.95% CPU
Optimizing NNI: done in 0.00194147 secs using 100.1% CPU
Optimizing NNI: done in 0.00137388 secs using 100.2% CPU
Optimizing NNI: done in 0.00118252 secs using 99.96% CPU
Optimizing NNI: done in 0.000605465 secs using 99.92% CPU
Optimizing NNI: done in 0.00119907 secs using 100.2% CPU
Optimizing NNI: done in 0.00114156 secs using 100.1% CPU
Optimizing NNI: done in 0.00120525 secs using 99.98% CPU
Optimizing NNI: done in 0.00057696 secs using 100% CPU
Optimizing NNI: done in 0.00118512 secs using 100.2% CPU
Optimizing NNI: done in 0.0012509 secs using 100.2% CPU
Optimizing NNI: done in 0.0012188 secs using 100.2% CPU
1000 samples done
Total 1000 ufboot trees refined
TREE SEARCH COMPLETED AFTER 231 ITERATIONS / Time: 0h:0m:34s

--------------------------------------------------------------------
|                    FINALIZING TREE SEARCH                        |
--------------------------------------------------------------------
Performs final model parameters optimization
Estimate model parameters (epsilon = 0.010)
1. Initial log-likelihood: -131.641
Optimal log-likelihood: -131.641
State frequencies:  0: 0.500  1: 0.500
Gamma shape alpha: 0.237
Parameters optimization took 1 rounds (0.002 sec)
BEST SCORE FOUND : -131.641

Testing tree branches by SH-like aLRT with 1000 replicates...
0.031 sec.
Creating bootstrap support values...
Split supports printed to NEXUS file Yamasaki2015.18S28S.RY.Subsampled.fas.splits.nex
Total tree length: 0.550

Total number of iterations: 231
CPU time used for tree search: 12.035 sec (0h:0m:12s)
Wall-clock time used for tree search: 13.241 sec (0h:0m:13s)
Total CPU time used: 32.605 sec (0h:0m:32s)
Total wall-clock time used: 35.392 sec (0h:0m:35s)
UFBoot trees printed to Yamasaki2015.18S28S.RY.Subsampled.fas.ufboot

Computing bootstrap consensus tree...
Reading input file Yamasaki2015.18S28S.RY.Subsampled.fas.splits.nex...
30 taxa and 1709 splits.
Consensus tree written to Yamasaki2015.18S28S.RY.Subsampled.fas.contree
Reading input trees file Yamasaki2015.18S28S.RY.Subsampled.fas.contree
Log-likelihood of consensus tree: -131.642

Analysis results written to: 
  IQ-TREE report:                Yamasaki2015.18S28S.RY.Subsampled.fas.iqtree
  Maximum-likelihood tree:       Yamasaki2015.18S28S.RY.Subsampled.fas.treefile
  Likelihood distances:          Yamasaki2015.18S28S.RY.Subsampled.fas.mldist

Ultrafast bootstrap approximation results written to:
  Split support values:          Yamasaki2015.18S28S.RY.Subsampled.fas.splits.nex
  Consensus tree:                Yamasaki2015.18S28S.RY.Subsampled.fas.contree
  UFBoot trees:                  Yamasaki2015.18S28S.RY.Subsampled.fas.ufboot
  Screen log file:               Yamasaki2015.18S28S.RY.Subsampled.fas.log

Date and Time: Sun May 11 23:58:35 2025
